../Core/Src/main.c:99:6:HAL_TIM_PeriodElapsedCallback	24	static
../Core/Src/main.c:123:6:HAL_I2C_AddrCallback	24	static
../Core/Src/main.c:140:6:HAL_I2C_SlaveRxCpltCallback	24	static
../Core/Src/main.c:159:6:HAL_I2C_ErrorCallback	16	static
../Core/Src/main.c:163:6:HAL_I2C_ListenCpltCallback	16	static
../Core/Src/main.c:173:5:main	72	static
../Core/Src/main.c:343:6:SystemClock_Config	72	static
../Core/Src/main.c:380:13:MX_I2C1_Init	8	static
../Core/Src/main.c:414:13:MX_I2C2_Init	8	static
../Core/Src/main.c:448:13:MX_TIM1_Init	56	static
../Core/Src/main.c:498:13:MX_TIM2_Init	56	static
../Core/Src/main.c:547:13:MX_TIM3_Init	56	static
../Core/Src/main.c:596:13:MX_TIM4_Init	48	static
../Core/Src/main.c:657:13:MX_TIM15_Init	80	static
../Core/Src/main.c:726:13:MX_TIM16_Init	8	static
../Core/Src/main.c:758:13:MX_GPIO_Init	48	static
../Core/Src/main.c:855:6:Error_Handler	4	static,ignoring_inline_asm
