../Core/Src/spectral.c:13:6:send_spectral_data	376	static
../Core/Src/spectral.c:93:6:del_spectral	16	static
../Core/Src/spectral.c:104:6:_virtual_write	24	static
../Core/Src/spectral.c:71:6:enable_spectral	8	static
../Core/Src/spectral.c:127:9:_virtual_read	16	static
../Core/Src/spectral.c:170:10:_new_channel	16	static
../Core/Src/spectral.c:58:11:new_spectral	16	static
../Core/Src/spectral.c:179:10:_read_channel	0	static
../Core/Src/spectral.c:183:10:_get_val	16	static
../Core/Src/spectral.c:158:5:_get_channel_data	24	static
../Core/Src/spectral.c:188:6:_del_channel	8	static
../Core/Src/spectral.c:193:6:initialize_spectral	8	static
../Core/Src/spectral.c:80:5:get_spectral_data	16	static
../Core/Src/spectral.c:201:6:initialize_spectral_mux	8	static
../Core/Src/spectral.c:210:5:check_ready	8	static
