../Core/Src/stm32g0xx_it.c:71:6:NMI_Handler	0	static
../Core/Src/stm32g0xx_it.c:86:6:HardFault_Handler	0	static
../Core/Src/stm32g0xx_it.c:101:6:SVC_Handler	0	static
../Core/Src/stm32g0xx_it.c:114:6:PendSV_Handler	0	static
../Core/Src/stm32g0xx_it.c:127:6:SysTick_Handler	8	static
../Core/Src/stm32g0xx_it.c:148:6:EXTI0_1_IRQHandler	8	static
../Core/Src/stm32g0xx_it.c:163:6:EXTI2_3_IRQHandler	8	static
../Core/Src/stm32g0xx_it.c:177:6:DMA1_Channel1_IRQHandler	8	static
../Core/Src/stm32g0xx_it.c:191:6:USART2_IRQHandler	8	static
