../Core/Src/main.c:134:6:HAL_UART_RxCpltCallback	16	static
../Core/Src/main.c:143:5:main	8	static
../Core/Src/main.c:276:6:SystemClock_Config	96	static
../Core/Src/main.c:317:13:MX_ADC1_Init	8	static
../Core/Src/main.c:364:13:MX_I2C1_Init	8	static
../Core/Src/main.c:412:13:MX_TIM1_Init	104	static
../Core/Src/main.c:492:13:MX_USART1_UART_Init	8	static
../Core/Src/main.c:538:13:MX_DMA_Init	16	static
../Core/Src/main.c:559:13:MX_GPIO_Init	56	static
../Core/Src/main.c:625:6:StartMiscTask	56	static
../Core/Src/main.c:696:6:StartSpectralTask	24	static
../Core/Src/main.c:731:6:HAL_TIM_PeriodElapsedCallback	16	static
../Core/Src/main.c:748:6:Error_Handler	8	static,ignoring_inline_asm
