../Core/Src/spectral.c:13:6:send_spectral_data	360	static
../Core/Src/spectral.c:58:11:new_spectral	24	static
../Core/Src/spectral.c:92:6:del_spectral	16	static
../Core/Src/spectral.c:103:6:_virtual_write	24	static
../Core/Src/spectral.c:71:6:enable_spectral	8	static
../Core/Src/spectral.c:126:9:_virtual_read	16	static
../Core/Src/spectral.c:157:5:_get_channel_data	32	static
../Core/Src/spectral.c:80:5:get_spectral_data	16	static
../Core/Src/spectral.c:169:10:_new_channel	16	static
../Core/Src/spectral.c:178:10:_read_channel	0	static
../Core/Src/spectral.c:182:10:_get_val	16	static
../Core/Src/spectral.c:187:6:_del_channel	8	static
../Core/Src/spectral.c:192:6:initialize_spectral	24	static
../Core/Src/spectral.c:200:6:initialize_spectral_mux	16	static
../Core/Src/spectral.c:209:5:check_ready	8	static
