../Core/Src/stm32g0xx_hal_msp.c:67:6:HAL_MspInit	8	static
../Core/Src/stm32g0xx_hal_msp.c:89:6:HAL_ADC_MspInit	48	static
../Core/Src/stm32g0xx_hal_msp.c:142:6:HAL_ADC_MspDeInit	8	static
../Core/Src/stm32g0xx_hal_msp.c:174:6:HAL_I2C_MspInit	64	static
../Core/Src/stm32g0xx_hal_msp.c:220:6:HAL_I2C_MspDeInit	8	static
../Core/Src/stm32g0xx_hal_msp.c:251:6:HAL_TIM_PWM_MspInit	8	static
../Core/Src/stm32g0xx_hal_msp.c:284:6:HAL_TIM_Base_MspInit	16	static
../Core/Src/stm32g0xx_hal_msp.c:303:6:HAL_TIM_MspPostInit	48	static
../Core/Src/stm32g0xx_hal_msp.c:365:6:HAL_TIM_PWM_MspDeInit	0	static
../Core/Src/stm32g0xx_hal_msp.c:398:6:HAL_TIM_Base_MspDeInit	8	static
../Core/Src/stm32g0xx_hal_msp.c:423:6:HAL_UART_MspInit	40	static
../Core/Src/stm32g0xx_hal_msp.c:462:6:HAL_UART_MspDeInit	8	static
