../Core/Src/command_handling.c:31:9:CH_num_receive	4	static
../Core/Src/command_handling.c:52:9:CH_num_send	4	static
../Core/Src/command_handling.c:74:6:CH_process_received	16	static
../Core/Src/command_handling.c:100:6:CH_prepare_send	16	static
../Core/Src/command_handling.c:122:6:CH_reset	16	static
../Core/Src/command_handling.c:130:6:CH_tick	8	static
../Core/Src/command_handling.c:138:6:HAL_I2C_AddrCallback	24	static
../Core/Src/command_handling.c:154:6:HAL_I2C_SlaveRxCpltCallback	24	static
../Core/Src/command_handling.c:169:6:HAL_I2C_ErrorCallback	16	static
../Core/Src/command_handling.c:174:6:HAL_I2C_ListenCpltCallback	16	static
