../Core/Src/main.c:102:6:update_quad_enc	16	static
../Core/Src/main.c:114:7:abs_enc_filter	24	static
../Core/Src/main.c:140:6:update_abs_enc_0	8	static
../Core/Src/main.c:145:6:update_abs_enc_1	8	static
../Core/Src/main.c:150:6:update_both_abs_enc	8	static
../Core/Src/main.c:155:6:update_limit	8	static
../Core/Src/main.c:180:6:update_logic	40	static
../Core/Src/main.c:209:6:set_dir	24	static
../Core/Src/main.c:215:7:fabs	24	static
../Core/Src/main.c:219:6:update_PWM	32	static
../Core/Src/main.c:269:6:HAL_TIM_PeriodElapsedCallback	16	static
../Core/Src/main.c:284:5:main	32	static
../Core/Src/main.c:393:6:SystemClock_Config	160	static
../Core/Src/main.c:443:13:MX_I2C1_Init	8	static
../Core/Src/main.c:489:13:MX_I2C2_Init	8	static
../Core/Src/main.c:535:13:MX_TIM1_Init	112	static
../Core/Src/main.c:623:13:MX_TIM2_Init	56	static
../Core/Src/main.c:672:13:MX_TIM3_Init	56	static
../Core/Src/main.c:721:13:MX_TIM6_Init	24	static
../Core/Src/main.c:759:13:MX_TIM8_Init	112	static
../Core/Src/main.c:847:13:MX_GPIO_Init	48	static
../Core/Src/main.c:911:6:Error_Handler	4	static
