../Core/Src/main.c:93:6:HAL_TIM_PeriodElapsedCallback	24	static
../Core/Src/main.c:115:6:HAL_I2C_AddrCallback	24	static
../Core/Src/main.c:133:6:HAL_I2C_SlaveRxCpltCallback	24	static
../Core/Src/main.c:151:6:HAL_I2C_ErrorCallback	16	static
../Core/Src/main.c:155:6:HAL_I2C_ListenCpltCallback	16	static
../Core/Src/main.c:165:5:main	48	static
../Core/Src/main.c:327:6:SystemClock_Config	160	static
../Core/Src/main.c:377:13:MX_I2C1_Init	8	static
../Core/Src/main.c:425:13:MX_TIM1_Init	112	static
../Core/Src/main.c:509:13:MX_TIM2_Init	56	static
../Core/Src/main.c:558:13:MX_TIM3_Init	56	static
../Core/Src/main.c:607:13:MX_TIM6_Init	24	static
../Core/Src/main.c:645:13:MX_TIM8_Init	40	static
../Core/Src/main.c:692:13:MX_GPIO_Init	40	static
../Core/Src/main.c:737:6:Error_Handler	4	static
