../Core/Src/main.c:67:6:ADC_Select_CH	40	static
../Core/Src/main.c:100:6:read_values_sensor	16	static
../Core/Src/main.c:109:9:sensor_blocked	24	static
../Core/Src/main.c:115:9:calculate_turn_count	32	static
../Core/Src/main.c:135:6:refresh_turn_count	16	static
../Core/Src/main.c:149:5:main	8	static
../Core/Src/main.c:196:6:SystemClock_Config	88	static
../Core/Src/main.c:237:13:MX_ADC1_Init	24	static
../Core/Src/main.c:287:13:MX_I2C2_Init	8	static
../Core/Src/main.c:335:13:MX_GPIO_Init	48	static
../Core/Src/main.c:363:6:Error_Handler	8	static,ignoring_inline_asm
