../Core/Src/main.c:61:6:ADC_Select_CH	40	static
../Core/Src/main.c:94:6:ADC_Select_CH4	24	static
../Core/Src/main.c:107:6:ADC_Select_CH5	24	static
../Core/Src/main.c:120:6:ADC_Select_CH6	24	static
../Core/Src/main.c:133:6:ADC_Select_CH7	24	static
../Core/Src/main.c:151:5:main	32	static
../Core/Src/main.c:216:6:SystemClock_Config	88	static
../Core/Src/main.c:257:13:MX_ADC1_Init	24	static
../Core/Src/main.c:307:13:MX_I2C2_Init	8	static
../Core/Src/main.c:355:13:MX_GPIO_Init	48	static
../Core/Src/main.c:383:6:Error_Handler	8	static,ignoring_inline_asm
