../Core/Src/main.c:79:5:main	8	static
../Core/Src/main.c:128:6:SystemClock_Config	160	static
../Core/Src/main.c:179:13:MX_ADC1_Init	48	static
../Core/Src/main.c:290:13:MX_ADC2_Init	32	static
../Core/Src/main.c:365:13:MX_I2C2_Init	8	static
../Core/Src/main.c:413:13:MX_TIM3_Init	64	static
../Core/Src/main.c:480:13:MX_USART1_UART_Init	8	static
../Core/Src/main.c:513:13:MX_DMA_Init	16	static
../Core/Src/main.c:535:13:MX_GPIO_Init	48	static
../Core/Src/main.c:575:6:Error_Handler	4	static,ignoring_inline_asm
