23:48:13 **** Build of configuration Debug for project PDBMCU ****
make -j16 all 
arm-none-eabi-gcc "../Drivers/STM32G0xx_HAL_Driver/Src/stm32g0xx_hal.c" -mcpu=cortex-m0plus -std=gnu11 -g3 -DDEBUG -DUSE_HAL_DRIVER -DSTM32G050xx -c -I../Core/Inc -I../Drivers/STM32G0xx_HAL_Driver/Inc -I../Drivers/STM32G0xx_HAL_Driver/Inc/Legacy -I../Drivers/CMSIS/Device/ST/STM32G0xx/Include -I../Drivers/CMSIS/Include -O0 -ffunction-sections -fdata-sections -Wall -fstack-usage -MMD -MP -MF"Drivers/STM32G0xx_HAL_Driver/Src/stm32g0xx_hal.d" -MT"Drivers/STM32G0xx_HAL_Driver/Src/stm32g0xx_hal.o" --specs=nano.specs -mfloat-abi=soft -mthumb -o "Drivers/STM32G0xx_HAL_Driver/Src/stm32g0xx_hal.o"
arm-none-eabi-gcc "../Drivers/STM32G0xx_HAL_Driver/Src/stm32g0xx_hal_adc.c" -mcpu=cortex-m0plus -std=gnu11 -g3 -DDEBUG -DUSE_HAL_DRIVER -DSTM32G050xx -c -I../Core/Inc -I../Drivers/STM32G0xx_HAL_Driver/Inc -I../Drivers/STM32G0xx_HAL_Driver/Inc/Legacy -I../Drivers/CMSIS/Device/ST/STM32G0xx/Include -I../Drivers/CMSIS/Include -O0 -ffunction-sections -fdata-sections -Wall -fstack-usage -MMD -MP -MF"Drivers/STM32G0xx_HAL_Driver/Src/stm32g0xx_hal_adc.d" -MT"Drivers/STM32G0xx_HAL_Driver/Src/stm32g0xx_hal_adc.o" --specs=nano.specs -mfloat-abi=soft -mthumb -o "Drivers/STM32G0xx_HAL_Driver/Src/stm32g0xx_hal_adc.o"
arm-none-eabi-gcc "../Drivers/STM32G0xx_HAL_Driver/Src/stm32g0xx_hal_adc_ex.c" -mcpu=cortex-m0plus -std=gnu11 -g3 -DDEBUG -DUSE_HAL_DRIVER -DSTM32G050xx -c -I../Core/Inc -I../Drivers/STM32G0xx_HAL_Driver/Inc -I../Drivers/STM32G0xx_HAL_Driver/Inc/Legacy -I../Drivers/CMSIS/Device/ST/STM32G0xx/Include -I../Drivers/CMSIS/Include -O0 -ffunction-sections -fdata-sections -Wall -fstack-usage -MMD -MP -MF"Drivers/STM32G0xx_HAL_Driver/Src/stm32g0xx_hal_adc_ex.d" -MT"Drivers/STM32G0xx_HAL_Driver/Src/stm32g0xx_hal_adc_ex.o" --specs=nano.specs -mfloat-abi=soft -mthumb -o "Drivers/STM32G0xx_HAL_Driver/Src/stm32g0xx_hal_adc_ex.o"
arm-none-eabi-gcc "../Drivers/STM32G0xx_HAL_Driver/Src/stm32g0xx_hal_cortex.c" -mcpu=cortex-m0plus -std=gnu11 -g3 -DDEBUG -DUSE_HAL_DRIVER -DSTM32G050xx -c -I../Core/Inc -I../Drivers/STM32G0xx_HAL_Driver/Inc -I../Drivers/STM32G0xx_HAL_Driver/Inc/Legacy -I../Drivers/CMSIS/Device/ST/STM32G0xx/Include -I../Drivers/CMSIS/Include -O0 -ffunction-sections -fdata-sections -Wall -fstack-usage -MMD -MP -MF"Drivers/STM32G0xx_HAL_Driver/Src/stm32g0xx_hal_cortex.d" -MT"Drivers/STM32G0xx_HAL_Driver/Src/stm32g0xx_hal_cortex.o" --specs=nano.specs -mfloat-abi=soft -mthumb -o "Drivers/STM32G0xx_HAL_Driver/Src/stm32g0xx_hal_cortex.o"
arm-none-eabi-gcc "../Drivers/STM32G0xx_HAL_Driver/Src/stm32g0xx_hal_dma.c" -mcpu=cortex-m0plus -std=gnu11 -g3 -DDEBUG -DUSE_HAL_DRIVER -DSTM32G050xx -c -I../Core/Inc -I../Drivers/STM32G0xx_HAL_Driver/Inc -I../Drivers/STM32G0xx_HAL_Driver/Inc/Legacy -I../Drivers/CMSIS/Device/ST/STM32G0xx/Include -I../Drivers/CMSIS/Include -O0 -ffunction-sections -fdata-sections -Wall -fstack-usage -MMD -MP -MF"Drivers/STM32G0xx_HAL_Driver/Src/stm32g0xx_hal_dma.d" -MT"Drivers/STM32G0xx_HAL_Driver/Src/stm32g0xx_hal_dma.o" --specs=nano.specs -mfloat-abi=soft -mthumb -o "Drivers/STM32G0xx_HAL_Driver/Src/stm32g0xx_hal_dma.o"
arm-none-eabi-gcc "../Drivers/STM32G0xx_HAL_Driver/Src/stm32g0xx_hal_dma_ex.c" -mcpu=cortex-m0plus -std=gnu11 -g3 -DDEBUG -DUSE_HAL_DRIVER -DSTM32G050xx -c -I../Core/Inc -I../Drivers/STM32G0xx_HAL_Driver/Inc -I../Drivers/STM32G0xx_HAL_Driver/Inc/Legacy -I../Drivers/CMSIS/Device/ST/STM32G0xx/Include -I../Drivers/CMSIS/Include -O0 -ffunction-sections -fdata-sections -Wall -fstack-usage -MMD -MP -MF"Drivers/STM32G0xx_HAL_Driver/Src/stm32g0xx_hal_dma_ex.d" -MT"Drivers/STM32G0xx_HAL_Driver/Src/stm32g0xx_hal_dma_ex.o" --specs=nano.specs -mfloat-abi=soft -mthumb -o "Drivers/STM32G0xx_HAL_Driver/Src/stm32g0xx_hal_dma_ex.o"
arm-none-eabi-gcc "../Drivers/STM32G0xx_HAL_Driver/Src/stm32g0xx_hal_exti.c" -mcpu=cortex-m0plus -std=gnu11 -g3 -DDEBUG -DUSE_HAL_DRIVER -DSTM32G050xx -c -I../Core/Inc -I../Drivers/STM32G0xx_HAL_Driver/Inc -I../Drivers/STM32G0xx_HAL_Driver/Inc/Legacy -I../Drivers/CMSIS/Device/ST/STM32G0xx/Include -I../Drivers/CMSIS/Include -O0 -ffunction-sections -fdata-sections -Wall -fstack-usage -MMD -MP -MF"Drivers/STM32G0xx_HAL_Driver/Src/stm32g0xx_hal_exti.d" -MT"Drivers/STM32G0xx_HAL_Driver/Src/stm32g0xx_hal_exti.o" --specs=nano.specs -mfloat-abi=soft -mthumb -o "Drivers/STM32G0xx_HAL_Driver/Src/stm32g0xx_hal_exti.o"
arm-none-eabi-gcc "../Drivers/STM32G0xx_HAL_Driver/Src/stm32g0xx_hal_flash.c" -mcpu=cortex-m0plus -std=gnu11 -g3 -DDEBUG -DUSE_HAL_DRIVER -DSTM32G050xx -c -I../Core/Inc -I../Drivers/STM32G0xx_HAL_Driver/Inc -I../Drivers/STM32G0xx_HAL_Driver/Inc/Legacy -I../Drivers/CMSIS/Device/ST/STM32G0xx/Include -I../Drivers/CMSIS/Include -O0 -ffunction-sections -fdata-sections -Wall -fstack-usage -MMD -MP -MF"Drivers/STM32G0xx_HAL_Driver/Src/stm32g0xx_hal_flash.d" -MT"Drivers/STM32G0xx_HAL_Driver/Src/stm32g0xx_hal_flash.o" --specs=nano.specs -mfloat-abi=soft -mthumb -o "Drivers/STM32G0xx_HAL_Driver/Src/stm32g0xx_hal_flash.o"
arm-none-eabi-gcc "../Drivers/STM32G0xx_HAL_Driver/Src/stm32g0xx_hal_flash_ex.c" -mcpu=cortex-m0plus -std=gnu11 -g3 -DDEBUG -DUSE_HAL_DRIVER -DSTM32G050xx -c -I../Core/Inc -I../Drivers/STM32G0xx_HAL_Driver/Inc -I../Drivers/STM32G0xx_HAL_Driver/Inc/Legacy -I../Drivers/CMSIS/Device/ST/STM32G0xx/Include -I../Drivers/CMSIS/Include -O0 -ffunction-sections -fdata-sections -Wall -fstack-usage -MMD -MP -MF"Drivers/STM32G0xx_HAL_Driver/Src/stm32g0xx_hal_flash_ex.d" -MT"Drivers/STM32G0xx_HAL_Driver/Src/stm32g0xx_hal_flash_ex.o" --specs=nano.specs -mfloat-abi=soft -mthumb -o "Drivers/STM32G0xx_HAL_Driver/Src/stm32g0xx_hal_flash_ex.o"
arm-none-eabi-gcc "../Drivers/STM32G0xx_HAL_Driver/Src/stm32g0xx_hal_gpio.c" -mcpu=cortex-m0plus -std=gnu11 -g3 -DDEBUG -DUSE_HAL_DRIVER -DSTM32G050xx -c -I../Core/Inc -I../Drivers/STM32G0xx_HAL_Driver/Inc -I../Drivers/STM32G0xx_HAL_Driver/Inc/Legacy -I../Drivers/CMSIS/Device/ST/STM32G0xx/Include -I../Drivers/CMSIS/Include -O0 -ffunction-sections -fdata-sections -Wall -fstack-usage -MMD -MP -MF"Drivers/STM32G0xx_HAL_Driver/Src/stm32g0xx_hal_gpio.d" -MT"Drivers/STM32G0xx_HAL_Driver/Src/stm32g0xx_hal_gpio.o" --specs=nano.specs -mfloat-abi=soft -mthumb -o "Drivers/STM32G0xx_HAL_Driver/Src/stm32g0xx_hal_gpio.o"
arm-none-eabi-gcc "../Drivers/STM32G0xx_HAL_Driver/Src/stm32g0xx_hal_i2c.c" -mcpu=cortex-m0plus -std=gnu11 -g3 -DDEBUG -DUSE_HAL_DRIVER -DSTM32G050xx -c -I../Core/Inc -I../Drivers/STM32G0xx_HAL_Driver/Inc -I../Drivers/STM32G0xx_HAL_Driver/Inc/Legacy -I../Drivers/CMSIS/Device/ST/STM32G0xx/Include -I../Drivers/CMSIS/Include -O0 -ffunction-sections -fdata-sections -Wall -fstack-usage -MMD -MP -MF"Drivers/STM32G0xx_HAL_Driver/Src/stm32g0xx_hal_i2c.d" -MT"Drivers/STM32G0xx_HAL_Driver/Src/stm32g0xx_hal_i2c.o" --specs=nano.specs -mfloat-abi=soft -mthumb -o "Drivers/STM32G0xx_HAL_Driver/Src/stm32g0xx_hal_i2c.o"
arm-none-eabi-gcc "../Drivers/STM32G0xx_HAL_Driver/Src/stm32g0xx_hal_i2c_ex.c" -mcpu=cortex-m0plus -std=gnu11 -g3 -DDEBUG -DUSE_HAL_DRIVER -DSTM32G050xx -c -I../Core/Inc -I../Drivers/STM32G0xx_HAL_Driver/Inc -I../Drivers/STM32G0xx_HAL_Driver/Inc/Legacy -I../Drivers/CMSIS/Device/ST/STM32G0xx/Include -I../Drivers/CMSIS/Include -O0 -ffunction-sections -fdata-sections -Wall -fstack-usage -MMD -MP -MF"Drivers/STM32G0xx_HAL_Driver/Src/stm32g0xx_hal_i2c_ex.d" -MT"Drivers/STM32G0xx_HAL_Driver/Src/stm32g0xx_hal_i2c_ex.o" --specs=nano.specs -mfloat-abi=soft -mthumb -o "Drivers/STM32G0xx_HAL_Driver/Src/stm32g0xx_hal_i2c_ex.o"
arm-none-eabi-gcc "../Drivers/STM32G0xx_HAL_Driver/Src/stm32g0xx_hal_pwr.c" -mcpu=cortex-m0plus -std=gnu11 -g3 -DDEBUG -DUSE_HAL_DRIVER -DSTM32G050xx -c -I../Core/Inc -I../Drivers/STM32G0xx_HAL_Driver/Inc -I../Drivers/STM32G0xx_HAL_Driver/Inc/Legacy -I../Drivers/CMSIS/Device/ST/STM32G0xx/Include -I../Drivers/CMSIS/Include -O0 -ffunction-sections -fdata-sections -Wall -fstack-usage -MMD -MP -MF"Drivers/STM32G0xx_HAL_Driver/Src/stm32g0xx_hal_pwr.d" -MT"Drivers/STM32G0xx_HAL_Driver/Src/stm32g0xx_hal_pwr.o" --specs=nano.specs -mfloat-abi=soft -mthumb -o "Drivers/STM32G0xx_HAL_Driver/Src/stm32g0xx_hal_pwr.o"
arm-none-eabi-gcc "../Drivers/STM32G0xx_HAL_Driver/Src/stm32g0xx_hal_pwr_ex.c" -mcpu=cortex-m0plus -std=gnu11 -g3 -DDEBUG -DUSE_HAL_DRIVER -DSTM32G050xx -c -I../Core/Inc -I../Drivers/STM32G0xx_HAL_Driver/Inc -I../Drivers/STM32G0xx_HAL_Driver/Inc/Legacy -I../Drivers/CMSIS/Device/ST/STM32G0xx/Include -I../Drivers/CMSIS/Include -O0 -ffunction-sections -fdata-sections -Wall -fstack-usage -MMD -MP -MF"Drivers/STM32G0xx_HAL_Driver/Src/stm32g0xx_hal_pwr_ex.d" -MT"Drivers/STM32G0xx_HAL_Driver/Src/stm32g0xx_hal_pwr_ex.o" --specs=nano.specs -mfloat-abi=soft -mthumb -o "Drivers/STM32G0xx_HAL_Driver/Src/stm32g0xx_hal_pwr_ex.o"
arm-none-eabi-gcc "../Drivers/STM32G0xx_HAL_Driver/Src/stm32g0xx_hal_rcc.c" -mcpu=cortex-m0plus -std=gnu11 -g3 -DDEBUG -DUSE_HAL_DRIVER -DSTM32G050xx -c -I../Core/Inc -I../Drivers/STM32G0xx_HAL_Driver/Inc -I../Drivers/STM32G0xx_HAL_Driver/Inc/Legacy -I../Drivers/CMSIS/Device/ST/STM32G0xx/Include -I../Drivers/CMSIS/Include -O0 -ffunction-sections -fdata-sections -Wall -fstack-usage -MMD -MP -MF"Drivers/STM32G0xx_HAL_Driver/Src/stm32g0xx_hal_rcc.d" -MT"Drivers/STM32G0xx_HAL_Driver/Src/stm32g0xx_hal_rcc.o" --specs=nano.specs -mfloat-abi=soft -mthumb -o "Drivers/STM32G0xx_HAL_Driver/Src/stm32g0xx_hal_rcc.o"
arm-none-eabi-gcc "../Drivers/STM32G0xx_HAL_Driver/Src/stm32g0xx_hal_rcc_ex.c" -mcpu=cortex-m0plus -std=gnu11 -g3 -DDEBUG -DUSE_HAL_DRIVER -DSTM32G050xx -c -I../Core/Inc -I../Drivers/STM32G0xx_HAL_Driver/Inc -I../Drivers/STM32G0xx_HAL_Driver/Inc/Legacy -I../Drivers/CMSIS/Device/ST/STM32G0xx/Include -I../Drivers/CMSIS/Include -O0 -ffunction-sections -fdata-sections -Wall -fstack-usage -MMD -MP -MF"Drivers/STM32G0xx_HAL_Driver/Src/stm32g0xx_hal_rcc_ex.d" -MT"Drivers/STM32G0xx_HAL_Driver/Src/stm32g0xx_hal_rcc_ex.o" --specs=nano.specs -mfloat-abi=soft -mthumb -o "Drivers/STM32G0xx_HAL_Driver/Src/stm32g0xx_hal_rcc_ex.o"
arm-none-eabi-gcc "../Drivers/STM32G0xx_HAL_Driver/Src/stm32g0xx_hal_tim.c" -mcpu=cortex-m0plus -std=gnu11 -g3 -DDEBUG -DUSE_HAL_DRIVER -DSTM32G050xx -c -I../Core/Inc -I../Drivers/STM32G0xx_HAL_Driver/Inc -I../Drivers/STM32G0xx_HAL_Driver/Inc/Legacy -I../Drivers/CMSIS/Device/ST/STM32G0xx/Include -I../Drivers/CMSIS/Include -O0 -ffunction-sections -fdata-sections -Wall -fstack-usage -MMD -MP -MF"Drivers/STM32G0xx_HAL_Driver/Src/stm32g0xx_hal_tim.d" -MT"Drivers/STM32G0xx_HAL_Driver/Src/stm32g0xx_hal_tim.o" --specs=nano.specs -mfloat-abi=soft -mthumb -o "Drivers/STM32G0xx_HAL_Driver/Src/stm32g0xx_hal_tim.o"
arm-none-eabi-gcc "../Drivers/STM32G0xx_HAL_Driver/Src/stm32g0xx_hal_tim_ex.c" -mcpu=cortex-m0plus -std=gnu11 -g3 -DDEBUG -DUSE_HAL_DRIVER -DSTM32G050xx -c -I../Core/Inc -I../Drivers/STM32G0xx_HAL_Driver/Inc -I../Drivers/STM32G0xx_HAL_Driver/Inc/Legacy -I../Drivers/CMSIS/Device/ST/STM32G0xx/Include -I../Drivers/CMSIS/Include -O0 -ffunction-sections -fdata-sections -Wall -fstack-usage -MMD -MP -MF"Drivers/STM32G0xx_HAL_Driver/Src/stm32g0xx_hal_tim_ex.d" -MT"Drivers/STM32G0xx_HAL_Driver/Src/stm32g0xx_hal_tim_ex.o" --specs=nano.specs -mfloat-abi=soft -mthumb -o "Drivers/STM32G0xx_HAL_Driver/Src/stm32g0xx_hal_tim_ex.o"
arm-none-eabi-gcc "../Drivers/STM32G0xx_HAL_Driver/Src/stm32g0xx_ll_adc.c" -mcpu=cortex-m0plus -std=gnu11 -g3 -DDEBUG -DUSE_HAL_DRIVER -DSTM32G050xx -c -I../Core/Inc -I../Drivers/STM32G0xx_HAL_Driver/Inc -I../Drivers/STM32G0xx_HAL_Driver/Inc/Legacy -I../Drivers/CMSIS/Device/ST/STM32G0xx/Include -I../Drivers/CMSIS/Include -O0 -ffunction-sections -fdata-sections -Wall -fstack-usage -MMD -MP -MF"Drivers/STM32G0xx_HAL_Driver/Src/stm32g0xx_ll_adc.d" -MT"Drivers/STM32G0xx_HAL_Driver/Src/stm32g0xx_ll_adc.o" --specs=nano.specs -mfloat-abi=soft -mthumb -o "Drivers/STM32G0xx_HAL_Driver/Src/stm32g0xx_ll_adc.o"
arm-none-eabi-gcc "../Drivers/STM32G0xx_HAL_Driver/Src/stm32g0xx_ll_dma.c" -mcpu=cortex-m0plus -std=gnu11 -g3 -DDEBUG -DUSE_HAL_DRIVER -DSTM32G050xx -c -I../Core/Inc -I../Drivers/STM32G0xx_HAL_Driver/Inc -I../Drivers/STM32G0xx_HAL_Driver/Inc/Legacy -I../Drivers/CMSIS/Device/ST/STM32G0xx/Include -I../Drivers/CMSIS/Include -O0 -ffunction-sections -fdata-sections -Wall -fstack-usage -MMD -MP -MF"Drivers/STM32G0xx_HAL_Driver/Src/stm32g0xx_ll_dma.d" -MT"Drivers/STM32G0xx_HAL_Driver/Src/stm32g0xx_ll_dma.o" --specs=nano.specs -mfloat-abi=soft -mthumb -o "Drivers/STM32G0xx_HAL_Driver/Src/stm32g0xx_ll_dma.o"
arm-none-eabi-gcc "../Drivers/STM32G0xx_HAL_Driver/Src/stm32g0xx_ll_rcc.c" -mcpu=cortex-m0plus -std=gnu11 -g3 -DDEBUG -DUSE_HAL_DRIVER -DSTM32G050xx -c -I../Core/Inc -I../Drivers/STM32G0xx_HAL_Driver/Inc -I../Drivers/STM32G0xx_HAL_Driver/Inc/Legacy -I../Drivers/CMSIS/Device/ST/STM32G0xx/Include -I../Drivers/CMSIS/Include -O0 -ffunction-sections -fdata-sections -Wall -fstack-usage -MMD -MP -MF"Drivers/STM32G0xx_HAL_Driver/Src/stm32g0xx_ll_rcc.d" -MT"Drivers/STM32G0xx_HAL_Driver/Src/stm32g0xx_ll_rcc.o" --specs=nano.specs -mfloat-abi=soft -mthumb -o "Drivers/STM32G0xx_HAL_Driver/Src/stm32g0xx_ll_rcc.o"
arm-none-eabi-gcc -mcpu=cortex-m0plus -g3 -DDEBUG -c -x assembler-with-cpp -MMD -MP -MF"Core/Startup/startup_stm32g050c8tx.d" -MT"Core/Startup/startup_stm32g050c8tx.o" --specs=nano.specs -mfloat-abi=soft -mthumb -o "Core/Startup/startup_stm32g050c8tx.o" "../Core/Startup/startup_stm32g050c8tx.s"
arm-none-eabi-gcc "../Core/Src/analog.c" -mcpu=cortex-m0plus -std=gnu11 -g3 -DDEBUG -DUSE_HAL_DRIVER -DSTM32G050xx -c -I../Core/Inc -I../Drivers/STM32G0xx_HAL_Driver/Inc -I../Drivers/STM32G0xx_HAL_Driver/Inc/Legacy -I../Drivers/CMSIS/Device/ST/STM32G0xx/Include -I../Drivers/CMSIS/Include -O0 -ffunction-sections -fdata-sections -Wall -fstack-usage -MMD -MP -MF"Core/Src/analog.d" -MT"Core/Src/analog.o" --specs=nano.specs -mfloat-abi=soft -mthumb -o "Core/Src/analog.o"
arm-none-eabi-gcc "../Core/Src/main.c" -mcpu=cortex-m0plus -std=gnu11 -g3 -DDEBUG -DUSE_HAL_DRIVER -DSTM32G050xx -c -I../Core/Inc -I../Drivers/STM32G0xx_HAL_Driver/Inc -I../Drivers/STM32G0xx_HAL_Driver/Inc/Legacy -I../Drivers/CMSIS/Device/ST/STM32G0xx/Include -I../Drivers/CMSIS/Include -O0 -ffunction-sections -fdata-sections -Wall -fstack-usage -MMD -MP -MF"Core/Src/main.d" -MT"Core/Src/main.o" --specs=nano.specs -mfloat-abi=soft -mthumb -o "Core/Src/main.o"
arm-none-eabi-gcc "../Core/Src/smbus.c" -mcpu=cortex-m0plus -std=gnu11 -g3 -DDEBUG -DUSE_HAL_DRIVER -DSTM32G050xx -c -I../Core/Inc -I../Drivers/STM32G0xx_HAL_Driver/Inc -I../Drivers/STM32G0xx_HAL_Driver/Inc/Legacy -I../Drivers/CMSIS/Device/ST/STM32G0xx/Include -I../Drivers/CMSIS/Include -O0 -ffunction-sections -fdata-sections -Wall -fstack-usage -MMD -MP -MF"Core/Src/smbus.d" -MT"Core/Src/smbus.o" --specs=nano.specs -mfloat-abi=soft -mthumb -o "Core/Src/smbus.o"
arm-none-eabi-gcc "../Core/Src/stm32g0xx_hal_msp.c" -mcpu=cortex-m0plus -std=gnu11 -g3 -DDEBUG -DUSE_HAL_DRIVER -DSTM32G050xx -c -I../Core/Inc -I../Drivers/STM32G0xx_HAL_Driver/Inc -I../Drivers/STM32G0xx_HAL_Driver/Inc/Legacy -I../Drivers/CMSIS/Device/ST/STM32G0xx/Include -I../Drivers/CMSIS/Include -O0 -ffunction-sections -fdata-sections -Wall -fstack-usage -MMD -MP -MF"Core/Src/stm32g0xx_hal_msp.d" -MT"Core/Src/stm32g0xx_hal_msp.o" --specs=nano.specs -mfloat-abi=soft -mthumb -o "Core/Src/stm32g0xx_hal_msp.o"
arm-none-eabi-gcc "../Core/Src/stm32g0xx_it.c" -mcpu=cortex-m0plus -std=gnu11 -g3 -DDEBUG -DUSE_HAL_DRIVER -DSTM32G050xx -c -I../Core/Inc -I../Drivers/STM32G0xx_HAL_Driver/Inc -I../Drivers/STM32G0xx_HAL_Driver/Inc/Legacy -I../Drivers/CMSIS/Device/ST/STM32G0xx/Include -I../Drivers/CMSIS/Include -O0 -ffunction-sections -fdata-sections -Wall -fstack-usage -MMD -MP -MF"Core/Src/stm32g0xx_it.d" -MT"Core/Src/stm32g0xx_it.o" --specs=nano.specs -mfloat-abi=soft -mthumb -o "Core/Src/stm32g0xx_it.o"
arm-none-eabi-gcc "../Core/Src/syscalls.c" -mcpu=cortex-m0plus -std=gnu11 -g3 -DDEBUG -DUSE_HAL_DRIVER -DSTM32G050xx -c -I../Core/Inc -I../Drivers/STM32G0xx_HAL_Driver/Inc -I../Drivers/STM32G0xx_HAL_Driver/Inc/Legacy -I../Drivers/CMSIS/Device/ST/STM32G0xx/Include -I../Drivers/CMSIS/Include -O0 -ffunction-sections -fdata-sections -Wall -fstack-usage -MMD -MP -MF"Core/Src/syscalls.d" -MT"Core/Src/syscalls.o" --specs=nano.specs -mfloat-abi=soft -mthumb -o "Core/Src/syscalls.o"
arm-none-eabi-gcc "../Core/Src/sysmem.c" -mcpu=cortex-m0plus -std=gnu11 -g3 -DDEBUG -DUSE_HAL_DRIVER -DSTM32G050xx -c -I../Core/Inc -I../Drivers/STM32G0xx_HAL_Driver/Inc -I../Drivers/STM32G0xx_HAL_Driver/Inc/Legacy -I../Drivers/CMSIS/Device/ST/STM32G0xx/Include -I../Drivers/CMSIS/Include -O0 -ffunction-sections -fdata-sections -Wall -fstack-usage -MMD -MP -MF"Core/Src/sysmem.d" -MT"Core/Src/sysmem.o" --specs=nano.specs -mfloat-abi=soft -mthumb -o "Core/Src/sysmem.o"
arm-none-eabi-gcc "../Core/Src/system_stm32g0xx.c" -mcpu=cortex-m0plus -std=gnu11 -g3 -DDEBUG -DUSE_HAL_DRIVER -DSTM32G050xx -c -I../Core/Inc -I../Drivers/STM32G0xx_HAL_Driver/Inc -I../Drivers/STM32G0xx_HAL_Driver/Inc/Legacy -I../Drivers/CMSIS/Device/ST/STM32G0xx/Include -I../Drivers/CMSIS/Include -O0 -ffunction-sections -fdata-sections -Wall -fstack-usage -MMD -MP -MF"Core/Src/system_stm32g0xx.d" -MT"Core/Src/system_stm32g0xx.o" --specs=nano.specs -mfloat-abi=soft -mthumb -o "Core/Src/system_stm32g0xx.o"
arm-none-eabi-gcc "../Core/Src/thermal_sens.c" -mcpu=cortex-m0plus -std=gnu11 -g3 -DDEBUG -DUSE_HAL_DRIVER -DSTM32G050xx -c -I../Core/Inc -I../Drivers/STM32G0xx_HAL_Driver/Inc -I../Drivers/STM32G0xx_HAL_Driver/Inc/Legacy -I../Drivers/CMSIS/Device/ST/STM32G0xx/Include -I../Drivers/CMSIS/Include -O0 -ffunction-sections -fdata-sections -Wall -fstack-usage -MMD -MP -MF"Core/Src/thermal_sens.d" -MT"Core/Src/thermal_sens.o" --specs=nano.specs -mfloat-abi=soft -mthumb -o "Core/Src/thermal_sens.o"
In file included from ../Core/Inc/thermal_sens.h:16,
                 from ../Core/Src/main.c:26:
../Core/Inc/smbus.h:14:5: error: unknown type name 'UART_HandleTypeDef'
   14 |     UART_HandleTypeDef *uart;
      |     ^~~~~~~~~~~~~~~~~~
In file included from ../Core/Src/smbus.c:1:
../Core/Inc/smbus.h:14:5: error: unknown type name 'UART_HandleTypeDef'
   14 |     UART_HandleTypeDef *uart;
      |     ^~~~~~~~~~~~~~~~~~
../Core/Inc/smbus.h:20:43: error: unknown type name 'UART_HandleTypeDef'; did you mean 'ADC_HandleTypeDef'?
   20 | SMBus *new_smbus(I2C_HandleTypeDef *hi2c, UART_HandleTypeDef *huart);
      |                                           ^~~~~~~~~~~~~~~~~~
      |                                           ADC_HandleTypeDef
../Core/Src/main.c: In function 'getAnalogData':
../Core/Src/main.c:149:30: warning: initialization discards 'const' qualifier from pointer target type [-Wdiscarded-qualifiers]
  149 |       Analog* analogDevice = _analog + i;
      |                              ^~~~~~~
../Core/Src/main.c: In function 'main':
../Core/Src/main.c:200:10: warning: implicit declaration of function 'new_smbus'; did you mean 'del_smbus'? [-Wimplicit-function-declaration]
  200 | i2cBus = new_smbus(&hi2c1, &huart1); // TODO (not using huart1)
      |          ^~~~~~~~~
      |          del_smbus
../Core/Src/main.c:200:29: error: 'huart1' undeclared (first use in this function)
  200 | i2cBus = new_smbus(&hi2c1, &huart1); // TODO (not using huart1)
      |                             ^~~~~~
../Core/Src/main.c:200:29: note: each undeclared identifier is reported only once for each function it appears in
../Core/Inc/smbus.h:20:43: error: unknown type name 'UART_HandleTypeDef'; did you mean 'ADC_HandleTypeDef'?
   20 | SMBus *new_smbus(I2C_HandleTypeDef *hi2c, UART_HandleTypeDef *huart);
      |                                           ^~~~~~~~~~~~~~~~~~
      |                                           ADC_HandleTypeDef
../Core/Src/main.c:261:36: error: 'JETSON_UART' undeclared (first use in this function)
  261 |       sendThermalData(thermalData, JETSON_UART);
      |                                    ^~~~~~~~~~~
../Core/Src/main.c:261:7: error: too many arguments to function 'sendThermalData'
  261 |       sendThermalData(thermalData, JETSON_UART);
      |       ^~~~~~~~~~~~~~~
../Core/Src/main.c:129:6: note: declared here
  129 | void sendThermalData(float _thermalData[4]) {
      |      ^~~~~~~~~~~~~~~
../Core/Src/main.c:266:21: warning: passing argument 1 of 'getAnalogData' from incompatible pointer type [-Wincompatible-pointer-types]
  266 |       getAnalogData(analog_channels);
      |                     ^~~~~~~~~~~~~~~
      |                     |
      |                     Analog ** {aka struct <anonymous> **}
../Core/Src/main.c:147:34: note: expected 'const Analog *' {aka 'const struct <anonymous> *'} but argument is of type 'Analog **' {aka 'struct <anonymous> **'}
  147 | void getAnalogData(const Analog* _analog) {
      |                    ~~~~~~~~~~~~~~^~~~~~~
../Core/Src/main.c:267:7: error: too many arguments to function 'sendAnalogData'
  267 |       sendAnalogData(analogVoltageData, analogCurrentData, JETSON_UART);
      |       ^~~~~~~~~~~~~~
../Core/Src/main.c:164:6: note: declared here
  164 | void sendAnalogData(float _analogVoltageData[ANALOG_DEVICES], float _analogCurrentData[ANALOG_DEVICES]) {
      |      ^~~~~~~~~~~~~~
../Core/Src/smbus.c:4:43: error: unknown type name 'UART_HandleTypeDef'; did you mean 'ADC_HandleTypeDef'?
    4 | SMBus *new_smbus(I2C_HandleTypeDef *hi2c, UART_HandleTypeDef *huart) {
      |                                           ^~~~~~~~~~~~~~~~~~
      |                                           ADC_HandleTypeDef
make: *** [Core/Src/subdir.mk:43: Core/Src/main.o] Error 1
make: *** Waiting for unfinished jobs....
../Core/Src/smbus.c: In function '_check_error':
../Core/Src/smbus.c:118:9: warning: implicit declaration of function 'HAL_UART_Transmit' [-Wimplicit-function-declaration]
  118 |         HAL_UART_Transmit(smbus->uart, smbus->buf, strlen((char*)smbus->buf), HAL_MAX_DELAY);
      |         ^~~~~~~~~~~~~~~~~
make: *** [Core/Src/subdir.mk:43: Core/Src/smbus.o] Error 1
In file included from ../Core/Inc/thermal_sens.h:16,
                 from ../Core/Src/thermal_sens.c:9:
../Core/Inc/smbus.h:14:5: error: unknown type name 'UART_HandleTypeDef'
   14 |     UART_HandleTypeDef *uart;
      |     ^~~~~~~~~~~~~~~~~~
../Core/Inc/smbus.h:20:43: error: unknown type name 'UART_HandleTypeDef'; did you mean 'ADC_HandleTypeDef'?
   20 | SMBus *new_smbus(I2C_HandleTypeDef *hi2c, UART_HandleTypeDef *huart);
      |                                           ^~~~~~~~~~~~~~~~~~
      |                                           ADC_HandleTypeDef
make: *** [Core/Src/subdir.mk:43: Core/Src/thermal_sens.o] Error 1
"make -j16 all" terminated with exit code 2. Build might be incomplete.
23:48:43 **** Incremental Build of configuration Debug for project PDBMCU ****
make -j16 all 
arm-none-eabi-gcc "../Core/Src/main.c" -mcpu=cortex-m0plus -std=gnu11 -g3 -DDEBUG -DUSE_HAL_DRIVER -DSTM32G050xx -c -I../Core/Inc -I../Drivers/STM32G0xx_HAL_Driver/Inc -I../Drivers/STM32G0xx_HAL_Driver/Inc/Legacy -I../Drivers/CMSIS/Device/ST/STM32G0xx/Include -I../Drivers/CMSIS/Include -O0 -ffunction-sections -fdata-sections -Wall -fstack-usage -MMD -MP -MF"Core/Src/main.d" -MT"Core/Src/main.o" --specs=nano.specs -mfloat-abi=soft -mthumb -o "Core/Src/main.o"
arm-none-eabi-gcc "../Core/Src/smbus.c" -mcpu=cortex-m0plus -std=gnu11 -g3 -DDEBUG -DUSE_HAL_DRIVER -DSTM32G050xx -c -I../Core/Inc -I../Drivers/STM32G0xx_HAL_Driver/Inc -I../Drivers/STM32G0xx_HAL_Driver/Inc/Legacy -I../Drivers/CMSIS/Device/ST/STM32G0xx/Include -I../Drivers/CMSIS/Include -O0 -ffunction-sections -fdata-sections -Wall -fstack-usage -MMD -MP -MF"Core/Src/smbus.d" -MT"Core/Src/smbus.o" --specs=nano.specs -mfloat-abi=soft -mthumb -o "Core/Src/smbus.o"
arm-none-eabi-gcc "../Core/Src/thermal_sens.c" -mcpu=cortex-m0plus -std=gnu11 -g3 -DDEBUG -DUSE_HAL_DRIVER -DSTM32G050xx -c -I../Core/Inc -I../Drivers/STM32G0xx_HAL_Driver/Inc -I../Drivers/STM32G0xx_HAL_Driver/Inc/Legacy -I../Drivers/CMSIS/Device/ST/STM32G0xx/Include -I../Drivers/CMSIS/Include -O0 -ffunction-sections -fdata-sections -Wall -fstack-usage -MMD -MP -MF"Core/Src/thermal_sens.d" -MT"Core/Src/thermal_sens.o" --specs=nano.specs -mfloat-abi=soft -mthumb -o "Core/Src/thermal_sens.o"
In file included from ../Core/Src/smbus.c:1:
../Core/Inc/smbus.h:14:5: error: unknown type name 'UART_HandleTypeDef'
   14 |     UART_HandleTypeDef *uart;
      |     ^~~~~~~~~~~~~~~~~~
In file included from ../Core/Inc/thermal_sens.h:16,
                 from ../Core/Src/main.c:26:
../Core/Inc/smbus.h:14:5: error: unknown type name 'UART_HandleTypeDef'
   14 |     UART_HandleTypeDef *uart;
      |     ^~~~~~~~~~~~~~~~~~
In file included from ../Core/Inc/thermal_sens.h:16,
                 from ../Core/Src/thermal_sens.c:9:
../Core/Inc/smbus.h:14:5: error: unknown type name 'UART_HandleTypeDef'
   14 |     UART_HandleTypeDef *uart;
      |     ^~~~~~~~~~~~~~~~~~
../Core/Inc/smbus.h:20:43: error: unknown type name 'UART_HandleTypeDef'; did you mean 'ADC_HandleTypeDef'?
   20 | SMBus *new_smbus(I2C_HandleTypeDef *hi2c, UART_HandleTypeDef *huart);
      |                                           ^~~~~~~~~~~~~~~~~~
      |                                           ADC_HandleTypeDef
../Core/Inc/smbus.h:20:43: error: unknown type name 'UART_HandleTypeDef'; did you mean 'ADC_HandleTypeDef'?
   20 | SMBus *new_smbus(I2C_HandleTypeDef *hi2c, UART_HandleTypeDef *huart);
      |                                           ^~~~~~~~~~~~~~~~~~
      |                                           ADC_HandleTypeDef
../Core/Inc/smbus.h:20:43: error: unknown type name 'UART_HandleTypeDef'; did you mean 'ADC_HandleTypeDef'?
   20 | SMBus *new_smbus(I2C_HandleTypeDef *hi2c, UART_HandleTypeDef *huart);
      |                                           ^~~~~~~~~~~~~~~~~~
      |                                           ADC_HandleTypeDef
../Core/Src/smbus.c:4:43: error: unknown type name 'UART_HandleTypeDef'; did you mean 'ADC_HandleTypeDef'?
    4 | SMBus *new_smbus(I2C_HandleTypeDef *hi2c, UART_HandleTypeDef *huart) {
      |                                           ^~~~~~~~~~~~~~~~~~
      |                                           ADC_HandleTypeDef
../Core/Src/main.c: In function 'getAnalogData':
../Core/Src/main.c:149:30: warning: initialization discards 'const' qualifier from pointer target type [-Wdiscarded-qualifiers]
  149 |       Analog* analogDevice = _analog + i;
      |                              ^~~~~~~
../Core/Src/main.c: In function 'main':
../Core/Src/main.c:200:10: warning: implicit declaration of function 'new_smbus'; did you mean 'del_smbus'? [-Wimplicit-function-declaration]
  200 | i2cBus = new_smbus(&hi2c1, &huart1); // TODO (not using huart1)
      |          ^~~~~~~~~
      |          del_smbus
../Core/Src/main.c:200:29: error: 'huart1' undeclared (first use in this function)
  200 | i2cBus = new_smbus(&hi2c1, &huart1); // TODO (not using huart1)
      |                             ^~~~~~
../Core/Src/main.c:200:29: note: each undeclared identifier is reported only once for each function it appears in
../Core/Src/main.c:266:21: warning: passing argument 1 of 'getAnalogData' from incompatible pointer type [-Wincompatible-pointer-types]
  266 |       getAnalogData(analog_channels);
      |                     ^~~~~~~~~~~~~~~
      |                     |
      |                     Analog ** {aka struct <anonymous> **}
../Core/Src/main.c:147:34: note: expected 'const Analog *' {aka 'const struct <anonymous> *'} but argument is of type 'Analog **' {aka 'struct <anonymous> **'}
  147 | void getAnalogData(const Analog* _analog) {
      |                    ~~~~~~~~~~~~~~^~~~~~~
make: *** [Core/Src/subdir.mk:43: Core/Src/thermal_sens.o] Error 1
make: *** Waiting for unfinished jobs....
../Core/Src/smbus.c: In function '_check_error':
../Core/Src/smbus.c:118:9: warning: implicit declaration of function 'HAL_UART_Transmit' [-Wimplicit-function-declaration]
  118 |         HAL_UART_Transmit(smbus->uart, smbus->buf, strlen((char*)smbus->buf), HAL_MAX_DELAY);
      |         ^~~~~~~~~~~~~~~~~
make: *** [Core/Src/subdir.mk:43: Core/Src/main.o] Error 1
make: *** [Core/Src/subdir.mk:43: Core/Src/smbus.o] Error 1
"make -j16 all" terminated with exit code 2. Build might be incomplete.
09:18:43 **** Build of configuration Debug for project PDBMCU ****
make -j16 all 
arm-none-eabi-gcc "../Core/Src/main.c" -mcpu=cortex-m0plus -std=gnu11 -g3 -DDEBUG -DUSE_HAL_DRIVER -DSTM32G050xx -c -I../Core/Inc -I../Drivers/STM32G0xx_HAL_Driver/Inc -I../Drivers/STM32G0xx_HAL_Driver/Inc/Legacy -I../Drivers/CMSIS/Device/ST/STM32G0xx/Include -I../Drivers/CMSIS/Include -O0 -ffunction-sections -fdata-sections -Wall -fstack-usage -MMD -MP -MF"Core/Src/main.d" -MT"Core/Src/main.o" --specs=nano.specs -mfloat-abi=soft -mthumb -o "Core/Src/main.o"
arm-none-eabi-gcc "../Core/Src/smbus.c" -mcpu=cortex-m0plus -std=gnu11 -g3 -DDEBUG -DUSE_HAL_DRIVER -DSTM32G050xx -c -I../Core/Inc -I../Drivers/STM32G0xx_HAL_Driver/Inc -I../Drivers/STM32G0xx_HAL_Driver/Inc/Legacy -I../Drivers/CMSIS/Device/ST/STM32G0xx/Include -I../Drivers/CMSIS/Include -O0 -ffunction-sections -fdata-sections -Wall -fstack-usage -MMD -MP -MF"Core/Src/smbus.d" -MT"Core/Src/smbus.o" --specs=nano.specs -mfloat-abi=soft -mthumb -o "Core/Src/smbus.o"
arm-none-eabi-gcc "../Core/Src/thermal_sens.c" -mcpu=cortex-m0plus -std=gnu11 -g3 -DDEBUG -DUSE_HAL_DRIVER -DSTM32G050xx -c -I../Core/Inc -I../Drivers/STM32G0xx_HAL_Driver/Inc -I../Drivers/STM32G0xx_HAL_Driver/Inc/Legacy -I../Drivers/CMSIS/Device/ST/STM32G0xx/Include -I../Drivers/CMSIS/Include -O0 -ffunction-sections -fdata-sections -Wall -fstack-usage -MMD -MP -MF"Core/Src/thermal_sens.d" -MT"Core/Src/thermal_sens.o" --specs=nano.specs -mfloat-abi=soft -mthumb -o "Core/Src/thermal_sens.o"
../Core/Src/main.c: In function 'sendThermalData':
../Core/Src/main.c:138:43: warning: pointer targets in passing argument 2 of 'HAL_I2C_Slave_Seq_Transmit_IT' differ in signedness [-Wpointer-sign]
  138 |     HAL_I2C_Slave_Seq_Transmit_IT(&hi2c2, string, I2C_LAST_FRAME);
      |                                           ^~~~~~
      |                                           |
      |                                           char *
In file included from ../Core/Inc/stm32g0xx_hal_conf.h:266,
                 from ../Drivers/STM32G0xx_HAL_Driver/Inc/stm32g0xx_hal.h:30,
                 from ../Core/Inc/main.h:31,
                 from ../Core/Src/main.c:21:
../Drivers/STM32G0xx_HAL_Driver/Inc/stm32g0xx_hal_i2c.h:653:83: note: expected 'uint8_t *' {aka 'unsigned char *'} but argument is of type 'char *'
  653 | HAL_StatusTypeDef HAL_I2C_Slave_Seq_Transmit_IT(I2C_HandleTypeDef *hi2c, uint8_t *pData, uint16_t Size,
      |                                                                          ~~~~~~~~~^~~~~
In file included from ../Core/Inc/stm32g0xx_hal_conf.h:266,
                 from ../Drivers/STM32G0xx_HAL_Driver/Inc/stm32g0xx_hal.h:30,
                 from ../Core/Inc/main.h:31,
                 from ../Core/Src/main.c:21:
../Drivers/STM32G0xx_HAL_Driver/Inc/stm32g0xx_hal_i2c.h:303:41: warning: conversion from 'long unsigned int' to 'uint16_t' {aka 'short unsigned int'} changes value from '33554432' to '0' [-Woverflow]
  303 | #define I2C_LAST_FRAME                  ((uint32_t)I2C_AUTOEND_MODE)
      |                                         ^~~~~~~~~~~~~~~~~~~~~~~~~~~~
../Core/Src/main.c:138:51: note: in expansion of macro 'I2C_LAST_FRAME'
  138 |     HAL_I2C_Slave_Seq_Transmit_IT(&hi2c2, string, I2C_LAST_FRAME);
      |                                                   ^~~~~~~~~~~~~~
../Core/Src/main.c:138:5: error: too few arguments to function 'HAL_I2C_Slave_Seq_Transmit_IT'
  138 |     HAL_I2C_Slave_Seq_Transmit_IT(&hi2c2, string, I2C_LAST_FRAME);
      |     ^~~~~~~~~~~~~~~~~~~~~~~~~~~~~
In file included from ../Core/Inc/stm32g0xx_hal_conf.h:266,
                 from ../Drivers/STM32G0xx_HAL_Driver/Inc/stm32g0xx_hal.h:30,
                 from ../Core/Inc/main.h:31,
                 from ../Core/Src/main.c:21:
../Drivers/STM32G0xx_HAL_Driver/Inc/stm32g0xx_hal_i2c.h:653:19: note: declared here
  653 | HAL_StatusTypeDef HAL_I2C_Slave_Seq_Transmit_IT(I2C_HandleTypeDef *hi2c, uint8_t *pData, uint16_t Size,
      |                   ^~~~~~~~~~~~~~~~~~~~~~~~~~~~~
../Core/Src/main.c: In function 'getAnalogData':
../Core/Src/main.c:151:30: warning: initialization discards 'const' qualifier from pointer target type [-Wdiscarded-qualifiers]
  151 |       Analog* analogDevice = _analog + i;
      |                              ^~~~~~~
../Core/Src/main.c: In function 'sendAnalogData':
../Core/Src/main.c:173:9: error: 'analogData' undeclared (first use in this function); did you mean 'getAnalogData'?
  173 |         analogData[0], analogData[1], analogData[2]);
      |         ^~~~~~~~~~
      |         getAnalogData
../Core/Src/main.c:173:9: note: each undeclared identifier is reported only once for each function it appears in
../Core/Src/main.c:176:43: warning: pointer targets in passing argument 2 of 'HAL_I2C_Slave_Seq_Transmit_IT' differ in signedness [-Wpointer-sign]
  176 |     HAL_I2C_Slave_Seq_Transmit_IT(&hi2c2, string, I2C_LAST_FRAME);
      |                                           ^~~~~~
      |                                           |
      |                                           char *
In file included from ../Core/Inc/stm32g0xx_hal_conf.h:266,
                 from ../Drivers/STM32G0xx_HAL_Driver/Inc/stm32g0xx_hal.h:30,
                 from ../Core/Inc/main.h:31,
                 from ../Core/Src/main.c:21:
../Drivers/STM32G0xx_HAL_Driver/Inc/stm32g0xx_hal_i2c.h:653:83: note: expected 'uint8_t *' {aka 'unsigned char *'} but argument is of type 'char *'
  653 | HAL_StatusTypeDef HAL_I2C_Slave_Seq_Transmit_IT(I2C_HandleTypeDef *hi2c, uint8_t *pData, uint16_t Size,
      |                                                                          ~~~~~~~~~^~~~~
In file included from ../Core/Inc/stm32g0xx_hal_conf.h:266,
                 from ../Drivers/STM32G0xx_HAL_Driver/Inc/stm32g0xx_hal.h:30,
                 from ../Core/Inc/main.h:31,
                 from ../Core/Src/main.c:21:
../Drivers/STM32G0xx_HAL_Driver/Inc/stm32g0xx_hal_i2c.h:303:41: warning: conversion from 'long unsigned int' to 'uint16_t' {aka 'short unsigned int'} changes value from '33554432' to '0' [-Woverflow]
  303 | #define I2C_LAST_FRAME                  ((uint32_t)I2C_AUTOEND_MODE)
      |                                         ^~~~~~~~~~~~~~~~~~~~~~~~~~~~
../Core/Src/main.c:176:51: note: in expansion of macro 'I2C_LAST_FRAME'
  176 |     HAL_I2C_Slave_Seq_Transmit_IT(&hi2c2, string, I2C_LAST_FRAME);
      |                                                   ^~~~~~~~~~~~~~
../Core/Src/main.c:176:5: error: too few arguments to function 'HAL_I2C_Slave_Seq_Transmit_IT'
  176 |     HAL_I2C_Slave_Seq_Transmit_IT(&hi2c2, string, I2C_LAST_FRAME);
      |     ^~~~~~~~~~~~~~~~~~~~~~~~~~~~~
In file included from ../Core/Inc/stm32g0xx_hal_conf.h:266,
                 from ../Drivers/STM32G0xx_HAL_Driver/Inc/stm32g0xx_hal.h:30,
                 from ../Core/Inc/main.h:31,
                 from ../Core/Src/main.c:21:
../Drivers/STM32G0xx_HAL_Driver/Inc/stm32g0xx_hal_i2c.h:653:19: note: declared here
  653 | HAL_StatusTypeDef HAL_I2C_Slave_Seq_Transmit_IT(I2C_HandleTypeDef *hi2c, uint8_t *pData, uint16_t Size,
      |                   ^~~~~~~~~~~~~~~~~~~~~~~~~~~~~
../Core/Src/main.c: In function 'main':
../Core/Src/main.c:203:29: error: 'huart1' undeclared (first use in this function)
  203 | i2cBus = new_smbus(&hi2c1, &huart1); // TODO (not using huart1)
      |                             ^~~~~~
../Core/Src/main.c:203:10: error: too many arguments to function 'new_smbus'
  203 | i2cBus = new_smbus(&hi2c1, &huart1); // TODO (not using huart1)
      |          ^~~~~~~~~
In file included from ../Core/Inc/thermal_sens.h:16,
                 from ../Core/Src/main.c:26:
../Core/Inc/smbus.h:19:8: note: declared here
   19 | SMBus *new_smbus(I2C_HandleTypeDef *hi2c);
      |        ^~~~~~~~~
../Core/Src/main.c:269:21: warning: passing argument 1 of 'getAnalogData' from incompatible pointer type [-Wincompatible-pointer-types]
  269 |       getAnalogData(analog_channels);
      |                     ^~~~~~~~~~~~~~~
      |                     |
      |                     Analog ** {aka struct <anonymous> **}
../Core/Src/main.c:149:34: note: expected 'const Analog *' {aka 'const struct <anonymous> *'} but argument is of type 'Analog **' {aka 'struct <anonymous> **'}
  149 | void getAnalogData(const Analog* _analog) {
      |                    ~~~~~~~~~~~~~~^~~~~~~
make: *** [Core/Src/subdir.mk:43: Core/Src/main.o] Error 1
make: *** Waiting for unfinished jobs....
"make -j16 all" terminated with exit code 2. Build might be incomplete.
09:19:33 **** Incremental Build of configuration Debug for project PDBMCU ****
make -j16 all 
arm-none-eabi-gcc "../Core/Src/main.c" -mcpu=cortex-m0plus -std=gnu11 -g3 -DDEBUG -DUSE_HAL_DRIVER -DSTM32G050xx -c -I../Core/Inc -I../Drivers/STM32G0xx_HAL_Driver/Inc -I../Drivers/STM32G0xx_HAL_Driver/Inc/Legacy -I../Drivers/CMSIS/Device/ST/STM32G0xx/Include -I../Drivers/CMSIS/Include -O0 -ffunction-sections -fdata-sections -Wall -fstack-usage -MMD -MP -MF"Core/Src/main.d" -MT"Core/Src/main.o" --specs=nano.specs -mfloat-abi=soft -mthumb -o "Core/Src/main.o"
../Core/Src/main.c: In function 'sendThermalData':
../Core/Src/main.c:138:43: warning: pointer targets in passing argument 2 of 'HAL_I2C_Slave_Seq_Transmit_IT' differ in signedness [-Wpointer-sign]
  138 |     HAL_I2C_Slave_Seq_Transmit_IT(&hi2c2, string, sizeof(string), I2C_LAST_FRAME);
      |                                           ^~~~~~
      |                                           |
      |                                           char *
In file included from ../Core/Inc/stm32g0xx_hal_conf.h:266,
                 from ../Drivers/STM32G0xx_HAL_Driver/Inc/stm32g0xx_hal.h:30,
                 from ../Core/Inc/main.h:31,
                 from ../Core/Src/main.c:21:
../Drivers/STM32G0xx_HAL_Driver/Inc/stm32g0xx_hal_i2c.h:653:83: note: expected 'uint8_t *' {aka 'unsigned char *'} but argument is of type 'char *'
  653 | HAL_StatusTypeDef HAL_I2C_Slave_Seq_Transmit_IT(I2C_HandleTypeDef *hi2c, uint8_t *pData, uint16_t Size,
      |                                                                          ~~~~~~~~~^~~~~
../Core/Src/main.c: In function 'getAnalogData':
../Core/Src/main.c:151:30: warning: initialization discards 'const' qualifier from pointer target type [-Wdiscarded-qualifiers]
  151 |       Analog* analogDevice = _analog + i;
      |                              ^~~~~~~
../Core/Src/main.c: In function 'sendAnalogData':
../Core/Src/main.c:173:9: error: 'analogData' undeclared (first use in this function); did you mean 'getAnalogData'?
  173 |         analogData[0], analogData[1], analogData[2]);
      |         ^~~~~~~~~~
      |         getAnalogData
../Core/Src/main.c:173:9: note: each undeclared identifier is reported only once for each function it appears in
../Core/Src/main.c:176:43: warning: pointer targets in passing argument 2 of 'HAL_I2C_Slave_Seq_Transmit_IT' differ in signedness [-Wpointer-sign]
  176 |     HAL_I2C_Slave_Seq_Transmit_IT(&hi2c2, string, sizeof(string), I2C_LAST_FRAME);
      |                                           ^~~~~~
      |                                           |
      |                                           char *
In file included from ../Core/Inc/stm32g0xx_hal_conf.h:266,
                 from ../Drivers/STM32G0xx_HAL_Driver/Inc/stm32g0xx_hal.h:30,
                 from ../Core/Inc/main.h:31,
                 from ../Core/Src/main.c:21:
../Drivers/STM32G0xx_HAL_Driver/Inc/stm32g0xx_hal_i2c.h:653:83: note: expected 'uint8_t *' {aka 'unsigned char *'} but argument is of type 'char *'
  653 | HAL_StatusTypeDef HAL_I2C_Slave_Seq_Transmit_IT(I2C_HandleTypeDef *hi2c, uint8_t *pData, uint16_t Size,
      |                                                                          ~~~~~~~~~^~~~~
../Core/Src/main.c: In function 'main':
../Core/Src/main.c:203:29: error: 'huart1' undeclared (first use in this function)
  203 | i2cBus = new_smbus(&hi2c1, &huart1); // TODO (not using huart1)
      |                             ^~~~~~
../Core/Src/main.c:203:10: error: too many arguments to function 'new_smbus'
  203 | i2cBus = new_smbus(&hi2c1, &huart1); // TODO (not using huart1)
      |          ^~~~~~~~~
In file included from ../Core/Inc/thermal_sens.h:16,
                 from ../Core/Src/main.c:26:
../Core/Inc/smbus.h:19:8: note: declared here
   19 | SMBus *new_smbus(I2C_HandleTypeDef *hi2c);
      |        ^~~~~~~~~
../Core/Src/main.c:269:21: warning: passing argument 1 of 'getAnalogData' from incompatible pointer type [-Wincompatible-pointer-types]
  269 |       getAnalogData(analog_channels);
      |                     ^~~~~~~~~~~~~~~
      |                     |
      |                     Analog ** {aka struct <anonymous> **}
../Core/Src/main.c:149:34: note: expected 'const Analog *' {aka 'const struct <anonymous> *'} but argument is of type 'Analog **' {aka 'struct <anonymous> **'}
  149 | void getAnalogData(const Analog* _analog) {
      |                    ~~~~~~~~~~~~~~^~~~~~~
make: *** [Core/Src/subdir.mk:43: Core/Src/main.o] Error 1
"make -j16 all" terminated with exit code 2. Build might be incomplete.
09:19:57 **** Incremental Build of configuration Debug for project PDBMCU ****
make -j16 all 
arm-none-eabi-gcc "../Core/Src/main.c" -mcpu=cortex-m0plus -std=gnu11 -g3 -DDEBUG -DUSE_HAL_DRIVER -DSTM32G050xx -c -I../Core/Inc -I../Drivers/STM32G0xx_HAL_Driver/Inc -I../Drivers/STM32G0xx_HAL_Driver/Inc/Legacy -I../Drivers/CMSIS/Device/ST/STM32G0xx/Include -I../Drivers/CMSIS/Include -O0 -ffunction-sections -fdata-sections -Wall -fstack-usage -MMD -MP -MF"Core/Src/main.d" -MT"Core/Src/main.o" --specs=nano.specs -mfloat-abi=soft -mthumb -o "Core/Src/main.o"
../Core/Src/main.c: In function 'sendThermalData':
../Core/Src/main.c:138:43: warning: pointer targets in passing argument 2 of 'HAL_I2C_Slave_Seq_Transmit_IT' differ in signedness [-Wpointer-sign]
  138 |     HAL_I2C_Slave_Seq_Transmit_IT(&hi2c2, string, sizeof(string), I2C_LAST_FRAME);
      |                                           ^~~~~~
      |                                           |
      |                                           char *
In file included from ../Core/Inc/stm32g0xx_hal_conf.h:266,
                 from ../Drivers/STM32G0xx_HAL_Driver/Inc/stm32g0xx_hal.h:30,
                 from ../Core/Inc/main.h:31,
                 from ../Core/Src/main.c:21:
../Drivers/STM32G0xx_HAL_Driver/Inc/stm32g0xx_hal_i2c.h:653:83: note: expected 'uint8_t *' {aka 'unsigned char *'} but argument is of type 'char *'
  653 | HAL_StatusTypeDef HAL_I2C_Slave_Seq_Transmit_IT(I2C_HandleTypeDef *hi2c, uint8_t *pData, uint16_t Size,
      |                                                                          ~~~~~~~~~^~~~~
../Core/Src/main.c: In function 'sendAnalogData':
../Core/Src/main.c:173:9: error: 'analogData' undeclared (first use in this function); did you mean 'getAnalogData'?
  173 |         analogData[0], analogData[1], analogData[2]);
      |         ^~~~~~~~~~
      |         getAnalogData
../Core/Src/main.c:173:9: note: each undeclared identifier is reported only once for each function it appears in
../Core/Src/main.c:176:43: warning: pointer targets in passing argument 2 of 'HAL_I2C_Slave_Seq_Transmit_IT' differ in signedness [-Wpointer-sign]
  176 |     HAL_I2C_Slave_Seq_Transmit_IT(&hi2c2, string, sizeof(string), I2C_LAST_FRAME);
      |                                           ^~~~~~
      |                                           |
      |                                           char *
In file included from ../Core/Inc/stm32g0xx_hal_conf.h:266,
                 from ../Drivers/STM32G0xx_HAL_Driver/Inc/stm32g0xx_hal.h:30,
                 from ../Core/Inc/main.h:31,
                 from ../Core/Src/main.c:21:
../Drivers/STM32G0xx_HAL_Driver/Inc/stm32g0xx_hal_i2c.h:653:83: note: expected 'uint8_t *' {aka 'unsigned char *'} but argument is of type 'char *'
  653 | HAL_StatusTypeDef HAL_I2C_Slave_Seq_Transmit_IT(I2C_HandleTypeDef *hi2c, uint8_t *pData, uint16_t Size,
      |                                                                          ~~~~~~~~~^~~~~
../Core/Src/main.c: In function 'main':
../Core/Src/main.c:203:29: error: 'huart1' undeclared (first use in this function)
  203 | i2cBus = new_smbus(&hi2c1, &huart1); // TODO (not using huart1)
      |                             ^~~~~~
../Core/Src/main.c:203:10: error: too many arguments to function 'new_smbus'
  203 | i2cBus = new_smbus(&hi2c1, &huart1); // TODO (not using huart1)
      |          ^~~~~~~~~
In file included from ../Core/Inc/thermal_sens.h:16,
                 from ../Core/Src/main.c:26:
../Core/Inc/smbus.h:19:8: note: declared here
   19 | SMBus *new_smbus(I2C_HandleTypeDef *hi2c);
      |        ^~~~~~~~~
../Core/Src/main.c:269:21: warning: passing argument 1 of 'getAnalogData' from incompatible pointer type [-Wincompatible-pointer-types]
  269 |       getAnalogData(analog_channels);
      |                     ^~~~~~~~~~~~~~~
      |                     |
      |                     Analog ** {aka struct <anonymous> **}
../Core/Src/main.c:149:34: note: expected 'const Analog *' {aka 'const struct <anonymous> *'} but argument is of type 'Analog **' {aka 'struct <anonymous> **'}
  149 | void getAnalogData(const Analog* _analog) {
      |                    ~~~~~~~~~~~~~~^~~~~~~
make: *** [Core/Src/subdir.mk:43: Core/Src/main.o] Error 1
"make -j16 all" terminated with exit code 2. Build might be incomplete.
09:28:10 **** Incremental Build of configuration Debug for project PDBMCU ****
make -j16 all 
arm-none-eabi-gcc "../Core/Src/main.c" -mcpu=cortex-m0plus -std=gnu11 -g3 -DDEBUG -DUSE_HAL_DRIVER -DSTM32G050xx -c -I../Core/Inc -I../Drivers/STM32G0xx_HAL_Driver/Inc -I../Drivers/STM32G0xx_HAL_Driver/Inc/Legacy -I../Drivers/CMSIS/Device/ST/STM32G0xx/Include -I../Drivers/CMSIS/Include -O0 -ffunction-sections -fdata-sections -Wall -fstack-usage -MMD -MP -MF"Core/Src/main.d" -MT"Core/Src/main.o" --specs=nano.specs -mfloat-abi=soft -mthumb -o "Core/Src/main.o"
../Core/Src/main.c: In function 'sendAnalogData':
../Core/Src/main.c:175:9: error: 'analogData' undeclared (first use in this function); did you mean 'getAnalogData'?
  175 |         analogData[0], analogData[1], analogData[2]);
      |         ^~~~~~~~~~
      |         getAnalogData
../Core/Src/main.c:175:9: note: each undeclared identifier is reported only once for each function it appears in
../Core/Src/main.c:178:43: warning: pointer targets in passing argument 2 of 'HAL_I2C_Slave_Seq_Transmit_IT' differ in signedness [-Wpointer-sign]
  178 |     HAL_I2C_Slave_Seq_Transmit_IT(&hi2c2, string, sizeof(string), I2C_LAST_FRAME);
      |                                           ^~~~~~
      |                                           |
      |                                           char *
In file included from ../Core/Inc/stm32g0xx_hal_conf.h:266,
                 from ../Drivers/STM32G0xx_HAL_Driver/Inc/stm32g0xx_hal.h:30,
                 from ../Core/Inc/main.h:31,
                 from ../Core/Src/main.c:21:
../Drivers/STM32G0xx_HAL_Driver/Inc/stm32g0xx_hal_i2c.h:653:83: note: expected 'uint8_t *' {aka 'unsigned char *'} but argument is of type 'char *'
  653 | HAL_StatusTypeDef HAL_I2C_Slave_Seq_Transmit_IT(I2C_HandleTypeDef *hi2c, uint8_t *pData, uint16_t Size,
      |                                                                          ~~~~~~~~~^~~~~
../Core/Src/main.c: In function 'main':
../Core/Src/main.c:205:29: error: 'huart1' undeclared (first use in this function)
  205 | i2cBus = new_smbus(&hi2c1, &huart1); // TODO (not using huart1)
      |                             ^~~~~~
../Core/Src/main.c:205:10: error: too many arguments to function 'new_smbus'
  205 | i2cBus = new_smbus(&hi2c1, &huart1); // TODO (not using huart1)
      |          ^~~~~~~~~
In file included from ../Core/Inc/thermal_sens.h:16,
                 from ../Core/Src/main.c:26:
../Core/Inc/smbus.h:19:8: note: declared here
   19 | SMBus *new_smbus(I2C_HandleTypeDef *hi2c);
      |        ^~~~~~~~~
../Core/Src/main.c:271:21: warning: passing argument 1 of 'getAnalogData' from incompatible pointer type [-Wincompatible-pointer-types]
  271 |       getAnalogData(analog_channels);
      |                     ^~~~~~~~~~~~~~~
      |                     |
      |                     Analog ** {aka struct <anonymous> **}
../Core/Src/main.c:151:34: note: expected 'const Analog *' {aka 'const struct <anonymous> *'} but argument is of type 'Analog **' {aka 'struct <anonymous> **'}
  151 | void getAnalogData(const Analog* _analog) {
      |                    ~~~~~~~~~~~~~~^~~~~~~
make: *** [Core/Src/subdir.mk:43: Core/Src/main.o] Error 1
"make -j16 all" terminated with exit code 2. Build might be incomplete.
09:30:21 **** Incremental Build of configuration Debug for project PDBMCU ****
make -j16 all 
arm-none-eabi-gcc "../Core/Src/main.c" -mcpu=cortex-m0plus -std=gnu11 -g3 -DDEBUG -DUSE_HAL_DRIVER -DSTM32G050xx -c -I../Core/Inc -I../Drivers/STM32G0xx_HAL_Driver/Inc -I../Drivers/STM32G0xx_HAL_Driver/Inc/Legacy -I../Drivers/CMSIS/Device/ST/STM32G0xx/Include -I../Drivers/CMSIS/Include -O0 -ffunction-sections -fdata-sections -Wall -fstack-usage -MMD -MP -MF"Core/Src/main.d" -MT"Core/Src/main.o" --specs=nano.specs -mfloat-abi=soft -mthumb -o "Core/Src/main.o"
../Core/Src/main.c: In function 'sendThermalData':
../Core/Src/main.c:137:3: warning: implicit declaration of function 'HAL_I2C_Slave_Seq_Transmit'; did you mean 'HAL_I2C_Slave_Seq_Transmit_IT'? [-Wimplicit-function-declaration]
  137 |   HAL_I2C_Slave_Seq_Transmit(&hi2c2, buffer, sizeof(buffer), I2C_LAST_FRAME);
      |   ^~~~~~~~~~~~~~~~~~~~~~~~~~
      |   HAL_I2C_Slave_Seq_Transmit_IT
../Core/Src/main.c: In function 'main':
../Core/Src/main.c:204:29: error: 'huart1' undeclared (first use in this function)
  204 | i2cBus = new_smbus(&hi2c1, &huart1); // TODO (not using huart1)
      |                             ^~~~~~
../Core/Src/main.c:204:29: note: each undeclared identifier is reported only once for each function it appears in
../Core/Src/main.c:204:10: error: too many arguments to function 'new_smbus'
  204 | i2cBus = new_smbus(&hi2c1, &huart1); // TODO (not using huart1)
      |          ^~~~~~~~~
In file included from ../Core/Inc/thermal_sens.h:16,
                 from ../Core/Src/main.c:26:
../Core/Inc/smbus.h:19:8: note: declared here
   19 | SMBus *new_smbus(I2C_HandleTypeDef *hi2c);
      |        ^~~~~~~~~
../Core/Src/main.c:270:21: warning: passing argument 1 of 'getAnalogData' from incompatible pointer type [-Wincompatible-pointer-types]
  270 |       getAnalogData(analog_channels);
      |                     ^~~~~~~~~~~~~~~
      |                     |
      |                     Analog ** {aka struct <anonymous> **}
../Core/Src/main.c:147:34: note: expected 'const Analog *' {aka 'const struct <anonymous> *'} but argument is of type 'Analog **' {aka 'struct <anonymous> **'}
  147 | void getAnalogData(const Analog* _analog) {
      |                    ~~~~~~~~~~~~~~^~~~~~~
make: *** [Core/Src/subdir.mk:43: Core/Src/main.o] Error 1
"make -j16 all" terminated with exit code 2. Build might be incomplete.
09:30:27 **** Incremental Build of configuration Debug for project PDBMCU ****
make -j16 all 
arm-none-eabi-gcc "../Core/Src/main.c" -mcpu=cortex-m0plus -std=gnu11 -g3 -DDEBUG -DUSE_HAL_DRIVER -DSTM32G050xx -c -I../Core/Inc -I../Drivers/STM32G0xx_HAL_Driver/Inc -I../Drivers/STM32G0xx_HAL_Driver/Inc/Legacy -I../Drivers/CMSIS/Device/ST/STM32G0xx/Include -I../Drivers/CMSIS/Include -O0 -ffunction-sections -fdata-sections -Wall -fstack-usage -MMD -MP -MF"Core/Src/main.d" -MT"Core/Src/main.o" --specs=nano.specs -mfloat-abi=soft -mthumb -o "Core/Src/main.o"
../Core/Src/main.c: In function 'sendThermalData':
../Core/Src/main.c:137:3: warning: implicit declaration of function 'HAL_I2C_Slave_Seq_Transmit'; did you mean 'HAL_I2C_Slave_Seq_Transmit_IT'? [-Wimplicit-function-declaration]
  137 |   HAL_I2C_Slave_Seq_Transmit(&hi2c2, buffer, sizeof(buffer), I2C_LAST_FRAME);
      |   ^~~~~~~~~~~~~~~~~~~~~~~~~~
      |   HAL_I2C_Slave_Seq_Transmit_IT
../Core/Src/main.c: In function 'main':
../Core/Src/main.c:270:21: warning: passing argument 1 of 'getAnalogData' from incompatible pointer type [-Wincompatible-pointer-types]
  270 |       getAnalogData(analog_channels);
      |                     ^~~~~~~~~~~~~~~
      |                     |
      |                     Analog ** {aka struct <anonymous> **}
../Core/Src/main.c:147:34: note: expected 'const Analog *' {aka 'const struct <anonymous> *'} but argument is of type 'Analog **' {aka 'struct <anonymous> **'}
  147 | void getAnalogData(const Analog* _analog) {
      |                    ~~~~~~~~~~~~~~^~~~~~~
arm-none-eabi-gcc -o "PDBMCU.elf" @"objects.list"   -mcpu=cortex-m0plus -T"C:\Users\gutst\Documents\pdbmcu\PDBMCU\STM32G050C8TX_FLASH.ld" --specs=nosys.specs -Wl,-Map="PDBMCU.map" -Wl,--gc-sections -static --specs=nano.specs -mfloat-abi=soft -mthumb -Wl,--start-group -lc -lm -Wl,--end-group
c:\st\stm32cubeide_1.7.0\stm32cubeide\plugins\com.st.stm32cube.ide.mcu.externaltools.gnu-tools-for-stm32.9-2020-q2-update.win32_2.0.0.202105311346\tools\arm-none-eabi\bin\ld.exe: ./Core/Src/main.o: in function `sendThermalData':
C:/Users/gutst/Documents/pdbmcu/PDBMCU/Debug/../Core/Src/main.c:137: undefined reference to `HAL_I2C_Slave_Seq_Transmit'
c:\st\stm32cubeide_1.7.0\stm32cubeide\plugins\com.st.stm32cube.ide.mcu.externaltools.gnu-tools-for-stm32.9-2020-q2-update.win32_2.0.0.202105311346\tools\arm-none-eabi\bin\ld.exe: ./Core/Src/main.o: in function `sendAnalogData':
C:/Users/gutst/Documents/pdbmcu/PDBMCU/Debug/../Core/Src/main.c:172: undefined reference to `HAL_I2C_Slave_Seq_Transmit'
c:\st\stm32cubeide_1.7.0\stm32cubeide\plugins\com.st.stm32cube.ide.mcu.externaltools.gnu-tools-for-stm32.9-2020-q2-update.win32_2.0.0.202105311346\tools\arm-none-eabi\bin\ld.exe: C:/Users/gutst/Documents/pdbmcu/PDBMCU/Debug/../Core/Src/main.c:177: undefined reference to `HAL_I2C_Slave_Seq_Transmit'
collect2.exe: error: ld returned 1 exit status
make: *** [makefile:65: PDBMCU.elf] Error 1
"make -j16 all" terminated with exit code 2. Build might be incomplete.
09:30:45 **** Incremental Build of configuration Debug for project PDBMCU ****
make -j16 all 
arm-none-eabi-gcc "../Core/Src/main.c" -mcpu=cortex-m0plus -std=gnu11 -g3 -DDEBUG -DUSE_HAL_DRIVER -DSTM32G050xx -c -I../Core/Inc -I../Drivers/STM32G0xx_HAL_Driver/Inc -I../Drivers/STM32G0xx_HAL_Driver/Inc/Legacy -I../Drivers/CMSIS/Device/ST/STM32G0xx/Include -I../Drivers/CMSIS/Include -O0 -ffunction-sections -fdata-sections -Wall -fstack-usage -MMD -MP -MF"Core/Src/main.d" -MT"Core/Src/main.o" --specs=nano.specs -mfloat-abi=soft -mthumb -o "Core/Src/main.o"
../Core/Src/main.c: In function 'sendAnalogData':
../Core/Src/main.c:172:3: warning: implicit declaration of function 'HAL_I2C_Slave_Seq_Transmit'; did you mean 'HAL_I2C_Slave_Seq_Transmit_IT'? [-Wimplicit-function-declaration]
  172 |   HAL_I2C_Slave_Seq_Transmit(&hi2c2, buffer, sizeof(buffer), I2C_LAST_FRAME);
      |   ^~~~~~~~~~~~~~~~~~~~~~~~~~
      |   HAL_I2C_Slave_Seq_Transmit_IT
../Core/Src/main.c: In function 'main':
../Core/Src/main.c:270:21: warning: passing argument 1 of 'getAnalogData' from incompatible pointer type [-Wincompatible-pointer-types]
  270 |       getAnalogData(analog_channels);
      |                     ^~~~~~~~~~~~~~~
      |                     |
      |                     Analog ** {aka struct <anonymous> **}
../Core/Src/main.c:147:34: note: expected 'const Analog *' {aka 'const struct <anonymous> *'} but argument is of type 'Analog **' {aka 'struct <anonymous> **'}
  147 | void getAnalogData(const Analog* _analog) {
      |                    ~~~~~~~~~~~~~~^~~~~~~
arm-none-eabi-gcc -o "PDBMCU.elf" @"objects.list"   -mcpu=cortex-m0plus -T"C:\Users\gutst\Documents\pdbmcu\PDBMCU\STM32G050C8TX_FLASH.ld" --specs=nosys.specs -Wl,-Map="PDBMCU.map" -Wl,--gc-sections -static --specs=nano.specs -mfloat-abi=soft -mthumb -Wl,--start-group -lc -lm -Wl,--end-group
c:\st\stm32cubeide_1.7.0\stm32cubeide\plugins\com.st.stm32cube.ide.mcu.externaltools.gnu-tools-for-stm32.9-2020-q2-update.win32_2.0.0.202105311346\tools\arm-none-eabi\bin\ld.exe: ./Core/Src/main.o: in function `sendAnalogData':
C:/Users/gutst/Documents/pdbmcu/PDBMCU/Debug/../Core/Src/main.c:172: undefined reference to `HAL_I2C_Slave_Seq_Transmit'
c:\st\stm32cubeide_1.7.0\stm32cubeide\plugins\com.st.stm32cube.ide.mcu.externaltools.gnu-tools-for-stm32.9-2020-q2-update.win32_2.0.0.202105311346\tools\arm-none-eabi\bin\ld.exe: C:/Users/gutst/Documents/pdbmcu/PDBMCU/Debug/../Core/Src/main.c:177: undefined reference to `HAL_I2C_Slave_Seq_Transmit'
collect2.exe: error: ld returned 1 exit status
make: *** [makefile:65: PDBMCU.elf] Error 1
"make -j16 all" terminated with exit code 2. Build might be incomplete.
09:30:54 **** Incremental Build of configuration Debug for project PDBMCU ****
make -j16 all 
arm-none-eabi-gcc "../Core/Src/main.c" -mcpu=cortex-m0plus -std=gnu11 -g3 -DDEBUG -DUSE_HAL_DRIVER -DSTM32G050xx -c -I../Core/Inc -I../Drivers/STM32G0xx_HAL_Driver/Inc -I../Drivers/STM32G0xx_HAL_Driver/Inc/Legacy -I../Drivers/CMSIS/Device/ST/STM32G0xx/Include -I../Drivers/CMSIS/Include -O0 -ffunction-sections -fdata-sections -Wall -fstack-usage -MMD -MP -MF"Core/Src/main.d" -MT"Core/Src/main.o" --specs=nano.specs -mfloat-abi=soft -mthumb -o "Core/Src/main.o"
../Core/Src/main.c: In function 'main':
../Core/Src/main.c:270:21: warning: passing argument 1 of 'getAnalogData' from incompatible pointer type [-Wincompatible-pointer-types]
  270 |       getAnalogData(analog_channels);
      |                     ^~~~~~~~~~~~~~~
      |                     |
      |                     Analog ** {aka struct <anonymous> **}
../Core/Src/main.c:147:34: note: expected 'const Analog *' {aka 'const struct <anonymous> *'} but argument is of type 'Analog **' {aka 'struct <anonymous> **'}
  147 | void getAnalogData(const Analog* _analog) {
      |                    ~~~~~~~~~~~~~~^~~~~~~
arm-none-eabi-gcc -o "PDBMCU.elf" @"objects.list"   -mcpu=cortex-m0plus -T"C:\Users\gutst\Documents\pdbmcu\PDBMCU\STM32G050C8TX_FLASH.ld" --specs=nosys.specs -Wl,-Map="PDBMCU.map" -Wl,--gc-sections -static --specs=nano.specs -mfloat-abi=soft -mthumb -Wl,--start-group -lc -lm -Wl,--end-group
Finished building target: PDBMCU.elf
 
arm-none-eabi-size   PDBMCU.elf 
arm-none-eabi-objdump -h -S  PDBMCU.elf  > "PDBMCU.list"
arm-none-eabi-objcopy  -O binary  PDBMCU.elf  "PDBMCU.bin"
   text	   data	    bss	    dec	    hex	filename
  31920	    120	   1952	  33992	   84c8	PDBMCU.elf
Finished building: default.size.stdout
 
Finished building: PDBMCU.bin
 
Finished building: PDBMCU.list
 
09:32:33 **** Incremental Build of configuration Debug for project PDBMCU ****
make -j16 all 
arm-none-eabi-gcc "../Core/Src/main.c" -mcpu=cortex-m0plus -std=gnu11 -g3 -DDEBUG -DUSE_HAL_DRIVER -DSTM32G050xx -c -I../Core/Inc -I../Drivers/STM32G0xx_HAL_Driver/Inc -I../Drivers/STM32G0xx_HAL_Driver/Inc/Legacy -I../Drivers/CMSIS/Device/ST/STM32G0xx/Include -I../Drivers/CMSIS/Include -O0 -ffunction-sections -fdata-sections -Wall -fstack-usage -MMD -MP -MF"Core/Src/main.d" -MT"Core/Src/main.o" --specs=nano.specs -mfloat-abi=soft -mthumb -o "Core/Src/main.o"
../Core/Src/main.c: In function 'main':
../Core/Src/main.c:271:21: warning: passing argument 1 of 'getAnalogData' from incompatible pointer type [-Wincompatible-pointer-types]
  271 |       getAnalogData(analog_channels);
      |                     ^~~~~~~~~~~~~~~
      |                     |
      |                     Analog ** {aka struct <anonymous> **}
../Core/Src/main.c:147:34: note: expected 'const Analog *' {aka 'const struct <anonymous> *'} but argument is of type 'Analog **' {aka 'struct <anonymous> **'}
  147 | void getAnalogData(const Analog* _analog_channels) {
      |                    ~~~~~~~~~~~~~~^~~~~~~~~~~~~~~~
arm-none-eabi-gcc -o "PDBMCU.elf" @"objects.list"   -mcpu=cortex-m0plus -T"C:\Users\gutst\Documents\pdbmcu\PDBMCU\STM32G050C8TX_FLASH.ld" --specs=nosys.specs -Wl,-Map="PDBMCU.map" -Wl,--gc-sections -static --specs=nano.specs -mfloat-abi=soft -mthumb -Wl,--start-group -lc -lm -Wl,--end-group
Finished building target: PDBMCU.elf
 
arm-none-eabi-size   PDBMCU.elf 
arm-none-eabi-objdump -h -S  PDBMCU.elf  > "PDBMCU.list"
arm-none-eabi-objcopy  -O binary  PDBMCU.elf  "PDBMCU.bin"
   text	   data	    bss	    dec	    hex	filename
  31920	    120	   1952	  33992	   84c8	PDBMCU.elf
Finished building: default.size.stdout
 
Finished building: PDBMCU.bin
 
Finished building: PDBMCU.list
 
09:32:54 **** Incremental Build of configuration Debug for project PDBMCU ****
make -j16 all 
arm-none-eabi-gcc "../Core/Src/main.c" -mcpu=cortex-m0plus -std=gnu11 -g3 -DDEBUG -DUSE_HAL_DRIVER -DSTM32G050xx -c -I../Core/Inc -I../Drivers/STM32G0xx_HAL_Driver/Inc -I../Drivers/STM32G0xx_HAL_Driver/Inc/Legacy -I../Drivers/CMSIS/Device/ST/STM32G0xx/Include -I../Drivers/CMSIS/Include -O0 -ffunction-sections -fdata-sections -Wall -fstack-usage -MMD -MP -MF"Core/Src/main.d" -MT"Core/Src/main.o" --specs=nano.specs -mfloat-abi=soft -mthumb -o "Core/Src/main.o"
../Core/Src/main.c:147:6: error: conflicting types for 'getAnalogData'
  147 | void getAnalogData(const Analog* _analog_channels[ANALOG_DEVICES]) {
      |      ^~~~~~~~~~~~~
../Core/Src/main.c:112:6: note: previous declaration of 'getAnalogData' was here
  112 | void getAnalogData(const Analog* _analog_channels);
      |      ^~~~~~~~~~~~~
../Core/Src/main.c: In function 'getAnalogData':
../Core/Src/main.c:149:36: warning: initialization of 'const Analog *' {aka 'const struct <anonymous> *'} from incompatible pointer type 'const Analog **' {aka 'const struct <anonymous> **'} [-Wincompatible-pointer-types]
  149 |       const Analog* analogDevice = _analog_channels + i;
      |                                    ^~~~~~~~~~~~~~~~
../Core/Src/main.c: In function 'main':
../Core/Src/main.c:271:36: warning: passing argument 1 of 'getAnalogData' from incompatible pointer type [-Wincompatible-pointer-types]
  271 |       getAnalogData(analog_channels[ANALOG_DEVICES]);
      |                     ~~~~~~~~~~~~~~~^~~~~~~~~~~~~~~~
      |                                    |
      |                                    Analog * {aka struct <anonymous> *}
../Core/Src/main.c:147:34: note: expected 'const Analog **' {aka 'const struct <anonymous> **'} but argument is of type 'Analog *' {aka 'struct <anonymous> *'}
  147 | void getAnalogData(const Analog* _analog_channels[ANALOG_DEVICES]) {
      |                    ~~~~~~~~~~~~~~^~~~~~~~~~~~~~~~~~~~~~~~~~~~~~~~
make: *** [Core/Src/subdir.mk:43: Core/Src/main.o] Error 1
"make -j16 all" terminated with exit code 2. Build might be incomplete.
09:33:25 **** Incremental Build of configuration Debug for project PDBMCU ****
make -j16 all 
arm-none-eabi-gcc "../Core/Src/main.c" -mcpu=cortex-m0plus -std=gnu11 -g3 -DDEBUG -DUSE_HAL_DRIVER -DSTM32G050xx -c -I../Core/Inc -I../Drivers/STM32G0xx_HAL_Driver/Inc -I../Drivers/STM32G0xx_HAL_Driver/Inc/Legacy -I../Drivers/CMSIS/Device/ST/STM32G0xx/Include -I../Drivers/CMSIS/Include -O0 -ffunction-sections -fdata-sections -Wall -fstack-usage -MMD -MP -MF"Core/Src/main.d" -MT"Core/Src/main.o" --specs=nano.specs -mfloat-abi=soft -mthumb -o "Core/Src/main.o"
../Core/Src/main.c: In function 'getAnalogData':
../Core/Src/main.c:149:36: warning: initialization of 'const Analog *' {aka 'const struct <anonymous> *'} from incompatible pointer type 'const Analog **' {aka 'const struct <anonymous> **'} [-Wincompatible-pointer-types]
  149 |       const Analog* analogDevice = _analog_channels + i;
      |                                    ^~~~~~~~~~~~~~~~
../Core/Src/main.c: In function 'main':
../Core/Src/main.c:271:21: warning: passing argument 1 of 'getAnalogData' from incompatible pointer type [-Wincompatible-pointer-types]
  271 |       getAnalogData(analog_channels);
      |                     ^~~~~~~~~~~~~~~
      |                     |
      |                     Analog ** {aka struct <anonymous> **}
../Core/Src/main.c:147:34: note: expected 'const Analog **' {aka 'const struct <anonymous> **'} but argument is of type 'Analog **' {aka 'struct <anonymous> **'}
  147 | void getAnalogData(const Analog* _analog_channels[ANALOG_DEVICES]) {
      |                    ~~~~~~~~~~~~~~^~~~~~~~~~~~~~~~~~~~~~~~~~~~~~~~
arm-none-eabi-gcc -o "PDBMCU.elf" @"objects.list"   -mcpu=cortex-m0plus -T"C:\Users\gutst\Documents\pdbmcu\PDBMCU\STM32G050C8TX_FLASH.ld" --specs=nosys.specs -Wl,-Map="PDBMCU.map" -Wl,--gc-sections -static --specs=nano.specs -mfloat-abi=soft -mthumb -Wl,--start-group -lc -lm -Wl,--end-group
Finished building target: PDBMCU.elf
 
arm-none-eabi-size   PDBMCU.elf 
arm-none-eabi-objdump -h -S  PDBMCU.elf  > "PDBMCU.list"
arm-none-eabi-objcopy  -O binary  PDBMCU.elf  "PDBMCU.bin"
   text	   data	    bss	    dec	    hex	filename
  31920	    120	   1952	  33992	   84c8	PDBMCU.elf
Finished building: default.size.stdout
 
Finished building: PDBMCU.bin
 
Finished building: PDBMCU.list
 
09:33:46 **** Incremental Build of configuration Debug for project PDBMCU ****
make -j16 all 
arm-none-eabi-gcc "../Core/Src/main.c" -mcpu=cortex-m0plus -std=gnu11 -g3 -DDEBUG -DUSE_HAL_DRIVER -DSTM32G050xx -c -I../Core/Inc -I../Drivers/STM32G0xx_HAL_Driver/Inc -I../Drivers/STM32G0xx_HAL_Driver/Inc/Legacy -I../Drivers/CMSIS/Device/ST/STM32G0xx/Include -I../Drivers/CMSIS/Include -O0 -ffunction-sections -fdata-sections -Wall -fstack-usage -MMD -MP -MF"Core/Src/main.d" -MT"Core/Src/main.o" --specs=nano.specs -mfloat-abi=soft -mthumb -o "Core/Src/main.o"
../Core/Src/main.c: In function 'main':
../Core/Src/main.c:271:21: warning: passing argument 1 of 'getAnalogData' from incompatible pointer type [-Wincompatible-pointer-types]
  271 |       getAnalogData(analog_channels);
      |                     ^~~~~~~~~~~~~~~
      |                     |
      |                     Analog ** {aka struct <anonymous> **}
../Core/Src/main.c:147:34: note: expected 'const Analog **' {aka 'const struct <anonymous> **'} but argument is of type 'Analog **' {aka 'struct <anonymous> **'}
  147 | void getAnalogData(const Analog* _analog_channels[ANALOG_DEVICES]) {
      |                    ~~~~~~~~~~~~~~^~~~~~~~~~~~~~~~~~~~~~~~~~~~~~~~
arm-none-eabi-gcc -o "PDBMCU.elf" @"objects.list"   -mcpu=cortex-m0plus -T"C:\Users\gutst\Documents\pdbmcu\PDBMCU\STM32G050C8TX_FLASH.ld" --specs=nosys.specs -Wl,-Map="PDBMCU.map" -Wl,--gc-sections -static --specs=nano.specs -mfloat-abi=soft -mthumb -Wl,--start-group -lc -lm -Wl,--end-group
Finished building target: PDBMCU.elf
 
arm-none-eabi-size   PDBMCU.elf 
arm-none-eabi-objdump -h -S  PDBMCU.elf  > "PDBMCU.list"
arm-none-eabi-objcopy  -O binary  PDBMCU.elf  "PDBMCU.bin"
   text	   data	    bss	    dec	    hex	filename
  31924	    120	   1952	  33996	   84cc	PDBMCU.elf
Finished building: default.size.stdout
 
Finished building: PDBMCU.bin
 
Finished building: PDBMCU.list
 
09:33:57 **** Incremental Build of configuration Debug for project PDBMCU ****
make -j16 all 
arm-none-eabi-gcc "../Core/Src/main.c" -mcpu=cortex-m0plus -std=gnu11 -g3 -DDEBUG -DUSE_HAL_DRIVER -DSTM32G050xx -c -I../Core/Inc -I../Drivers/STM32G0xx_HAL_Driver/Inc -I../Drivers/STM32G0xx_HAL_Driver/Inc/Legacy -I../Drivers/CMSIS/Device/ST/STM32G0xx/Include -I../Drivers/CMSIS/Include -O0 -ffunction-sections -fdata-sections -Wall -fstack-usage -MMD -MP -MF"Core/Src/main.d" -MT"Core/Src/main.o" --specs=nano.specs -mfloat-abi=soft -mthumb -o "Core/Src/main.o"
../Core/Src/main.c: In function 'main':
../Core/Src/main.c:271:37: error: expected expression before ']' token
  271 |       getAnalogData(analog_channels[]);
      |                                     ^
make: *** [Core/Src/subdir.mk:43: Core/Src/main.o] Error 1
"make -j16 all" terminated with exit code 2. Build might be incomplete.
09:34:02 **** Incremental Build of configuration Debug for project PDBMCU ****
make -j16 all 
arm-none-eabi-gcc "../Core/Src/main.c" -mcpu=cortex-m0plus -std=gnu11 -g3 -DDEBUG -DUSE_HAL_DRIVER -DSTM32G050xx -c -I../Core/Inc -I../Drivers/STM32G0xx_HAL_Driver/Inc -I../Drivers/STM32G0xx_HAL_Driver/Inc/Legacy -I../Drivers/CMSIS/Device/ST/STM32G0xx/Include -I../Drivers/CMSIS/Include -O0 -ffunction-sections -fdata-sections -Wall -fstack-usage -MMD -MP -MF"Core/Src/main.d" -MT"Core/Src/main.o" --specs=nano.specs -mfloat-abi=soft -mthumb -o "Core/Src/main.o"
../Core/Src/main.c: In function 'main':
../Core/Src/main.c:271:21: warning: passing argument 1 of 'getAnalogData' from incompatible pointer type [-Wincompatible-pointer-types]
  271 |       getAnalogData(analog_channels);
      |                     ^~~~~~~~~~~~~~~
      |                     |
      |                     Analog ** {aka struct <anonymous> **}
../Core/Src/main.c:147:34: note: expected 'const Analog **' {aka 'const struct <anonymous> **'} but argument is of type 'Analog **' {aka 'struct <anonymous> **'}
  147 | void getAnalogData(const Analog* _analog_channels[ANALOG_DEVICES]) {
      |                    ~~~~~~~~~~~~~~^~~~~~~~~~~~~~~~~~~~~~~~~~~~~~~~
arm-none-eabi-gcc -o "PDBMCU.elf" @"objects.list"   -mcpu=cortex-m0plus -T"C:\Users\gutst\Documents\pdbmcu\PDBMCU\STM32G050C8TX_FLASH.ld" --specs=nosys.specs -Wl,-Map="PDBMCU.map" -Wl,--gc-sections -static --specs=nano.specs -mfloat-abi=soft -mthumb -Wl,--start-group -lc -lm -Wl,--end-group
Finished building target: PDBMCU.elf
 
arm-none-eabi-size   PDBMCU.elf 
arm-none-eabi-objdump -h -S  PDBMCU.elf  > "PDBMCU.list"
arm-none-eabi-objcopy  -O binary  PDBMCU.elf  "PDBMCU.bin"
   text	   data	    bss	    dec	    hex	filename
  31924	    120	   1952	  33996	   84cc	PDBMCU.elf
Finished building: default.size.stdout
 
Finished building: PDBMCU.bin
 
Finished building: PDBMCU.list
 
09:35:16 **** Incremental Build of configuration Debug for project PDBMCU ****
make -j16 all 
arm-none-eabi-gcc "../Core/Src/main.c" -mcpu=cortex-m0plus -std=gnu11 -g3 -DDEBUG -DUSE_HAL_DRIVER -DSTM32G050xx -c -I../Core/Inc -I../Drivers/STM32G0xx_HAL_Driver/Inc -I../Drivers/STM32G0xx_HAL_Driver/Inc/Legacy -I../Drivers/CMSIS/Device/ST/STM32G0xx/Include -I../Drivers/CMSIS/Include -O0 -ffunction-sections -fdata-sections -Wall -fstack-usage -MMD -MP -MF"Core/Src/main.d" -MT"Core/Src/main.o" --specs=nano.specs -mfloat-abi=soft -mthumb -o "Core/Src/main.o"
../Core/Src/main.c: In function 'main':
../Core/Src/main.c:271:21: warning: passing argument 1 of 'getAnalogData' from incompatible pointer type [-Wincompatible-pointer-types]
  271 |       getAnalogData(analog_channels);
      |                     ^~~~~~~~~~~~~~~
      |                     |
      |                     Analog ** {aka struct <anonymous> **}
../Core/Src/main.c:147:35: note: expected 'const Analog **' {aka 'const struct <anonymous> **'} but argument is of type 'Analog **' {aka 'struct <anonymous> **'}
  147 | void getAnalogData(const Analog** _analog_channels) {
      |                    ~~~~~~~~~~~~~~~^~~~~~~~~~~~~~~~
arm-none-eabi-gcc -o "PDBMCU.elf" @"objects.list"   -mcpu=cortex-m0plus -T"C:\Users\gutst\Documents\pdbmcu\PDBMCU\STM32G050C8TX_FLASH.ld" --specs=nosys.specs -Wl,-Map="PDBMCU.map" -Wl,--gc-sections -static --specs=nano.specs -mfloat-abi=soft -mthumb -Wl,--start-group -lc -lm -Wl,--end-group
Finished building target: PDBMCU.elf
 
arm-none-eabi-size   PDBMCU.elf 
arm-none-eabi-objdump -h -S  PDBMCU.elf  > "PDBMCU.list"
arm-none-eabi-objcopy  -O binary  PDBMCU.elf  "PDBMCU.bin"
   text	   data	    bss	    dec	    hex	filename
  31924	    120	   1952	  33996	   84cc	PDBMCU.elf
Finished building: default.size.stdout
 
Finished building: PDBMCU.bin
 
Finished building: PDBMCU.list
 
09:43:40 **** Incremental Build of configuration Debug for project PDBMCU ****
make -j16 all 
arm-none-eabi-gcc "../Core/Src/analog.c" -mcpu=cortex-m0plus -std=gnu11 -g3 -DDEBUG -DUSE_HAL_DRIVER -DSTM32G050xx -c -I../Core/Inc -I../Drivers/STM32G0xx_HAL_Driver/Inc -I../Drivers/STM32G0xx_HAL_Driver/Inc/Legacy -I../Drivers/CMSIS/Device/ST/STM32G0xx/Include -I../Drivers/CMSIS/Include -O0 -ffunction-sections -fdata-sections -Wall -fstack-usage -MMD -MP -MF"Core/Src/analog.d" -MT"Core/Src/analog.o" --specs=nano.specs -mfloat-abi=soft -mthumb -o "Core/Src/analog.o"
arm-none-eabi-gcc "../Core/Src/main.c" -mcpu=cortex-m0plus -std=gnu11 -g3 -DDEBUG -DUSE_HAL_DRIVER -DSTM32G050xx -c -I../Core/Inc -I../Drivers/STM32G0xx_HAL_Driver/Inc -I../Drivers/STM32G0xx_HAL_Driver/Inc/Legacy -I../Drivers/CMSIS/Device/ST/STM32G0xx/Include -I../Drivers/CMSIS/Include -O0 -ffunction-sections -fdata-sections -Wall -fstack-usage -MMD -MP -MF"Core/Src/main.d" -MT"Core/Src/main.o" --specs=nano.specs -mfloat-abi=soft -mthumb -o "Core/Src/main.o"
arm-none-eabi-gcc "../Core/Src/thermal_sens.c" -mcpu=cortex-m0plus -std=gnu11 -g3 -DDEBUG -DUSE_HAL_DRIVER -DSTM32G050xx -c -I../Core/Inc -I../Drivers/STM32G0xx_HAL_Driver/Inc -I../Drivers/STM32G0xx_HAL_Driver/Inc/Legacy -I../Drivers/CMSIS/Device/ST/STM32G0xx/Include -I../Drivers/CMSIS/Include -O0 -ffunction-sections -fdata-sections -Wall -fstack-usage -MMD -MP -MF"Core/Src/thermal_sens.d" -MT"Core/Src/thermal_sens.o" --specs=nano.specs -mfloat-abi=soft -mthumb -o "Core/Src/thermal_sens.o"
../Core/Src/main.c: In function 'get_analog_data':
../Core/Src/main.c:151:58: error: 'Analog' {aka 'const struct <anonymous>'} has no member named 'selectPins'; did you mean 'select_pins'?
  151 |       HAL_GPIO_WritePin(GPIOA, GPIO_PIN_8, analogDevice->selectPins[0]); //S0
      |                                                          ^~~~~~~~~~
      |                                                          select_pins
../Core/Src/main.c:152:58: error: 'Analog' {aka 'const struct <anonymous>'} has no member named 'selectPins'; did you mean 'select_pins'?
  152 |       HAL_GPIO_WritePin(GPIOA, GPIO_PIN_9, analogDevice->selectPins[1]); //S1
      |                                                          ^~~~~~~~~~
      |                                                          select_pins
../Core/Src/main.c:153:58: error: 'Analog' {aka 'const struct <anonymous>'} has no member named 'selectPins'; did you mean 'select_pins'?
  153 |       HAL_GPIO_WritePin(GPIOC, GPIO_PIN_6, analogDevice->selectPins[2]); //S2
      |                                                          ^~~~~~~~~~
      |                                                          select_pins
../Core/Src/main.c:154:58: error: 'Analog' {aka 'const struct <anonymous>'} has no member named 'selectPins'; did you mean 'select_pins'?
  154 |       HAL_GPIO_WritePin(GPIOC, GPIO_PIN_7, analogDevice->selectPins[3]); //S3
      |                                                          ^~~~~~~~~~
      |                                                          select_pins
../Core/Src/main.c: In function 'main':
../Core/Src/main.c:271:23: warning: passing argument 1 of 'get_analog_data' from incompatible pointer type [-Wincompatible-pointer-types]
  271 |       get_analog_data(analog_channels);
      |                       ^~~~~~~~~~~~~~~
      |                       |
      |                       Analog ** {aka struct <anonymous> **}
../Core/Src/main.c:147:36: note: expected 'const Analog **' {aka 'const struct <anonymous> **'} but argument is of type 'Analog **' {aka 'struct <anonymous> **'}
  147 | void get_analog_data(const Analog* _analog_channels[ANALOG_DEVICES]) {
      |                      ~~~~~~~~~~~~~~^~~~~~~~~~~~~~~~~~~~~~~~~~~~~~~~
make: *** [Core/Src/subdir.mk:43: Core/Src/main.o] Error 1
make: *** Waiting for unfinished jobs....
"make -j16 all" terminated with exit code 2. Build might be incomplete.
09:43:56 **** Incremental Build of configuration Debug for project PDBMCU ****
make -j16 all 
arm-none-eabi-gcc "../Core/Src/main.c" -mcpu=cortex-m0plus -std=gnu11 -g3 -DDEBUG -DUSE_HAL_DRIVER -DSTM32G050xx -c -I../Core/Inc -I../Drivers/STM32G0xx_HAL_Driver/Inc -I../Drivers/STM32G0xx_HAL_Driver/Inc/Legacy -I../Drivers/CMSIS/Device/ST/STM32G0xx/Include -I../Drivers/CMSIS/Include -O0 -ffunction-sections -fdata-sections -Wall -fstack-usage -MMD -MP -MF"Core/Src/main.d" -MT"Core/Src/main.o" --specs=nano.specs -mfloat-abi=soft -mthumb -o "Core/Src/main.o"
../Core/Src/main.c: In function 'main':
../Core/Src/main.c:271:23: warning: passing argument 1 of 'get_analog_data' from incompatible pointer type [-Wincompatible-pointer-types]
  271 |       get_analog_data(analog_channels);
      |                       ^~~~~~~~~~~~~~~
      |                       |
      |                       Analog ** {aka struct <anonymous> **}
../Core/Src/main.c:147:36: note: expected 'const Analog **' {aka 'const struct <anonymous> **'} but argument is of type 'Analog **' {aka 'struct <anonymous> **'}
  147 | void get_analog_data(const Analog* _analog_channels[ANALOG_DEVICES]) {
      |                      ~~~~~~~~~~~~~~^~~~~~~~~~~~~~~~~~~~~~~~~~~~~~~~
arm-none-eabi-gcc -o "PDBMCU.elf" @"objects.list"   -mcpu=cortex-m0plus -T"C:\Users\gutst\Documents\pdbmcu\PDBMCU\STM32G050C8TX_FLASH.ld" --specs=nosys.specs -Wl,-Map="PDBMCU.map" -Wl,--gc-sections -static --specs=nano.specs -mfloat-abi=soft -mthumb -Wl,--start-group -lc -lm -Wl,--end-group
Finished building target: PDBMCU.elf
 
arm-none-eabi-size   PDBMCU.elf 
arm-none-eabi-objdump -h -S  PDBMCU.elf  > "PDBMCU.list"
arm-none-eabi-objcopy  -O binary  PDBMCU.elf  "PDBMCU.bin"
   text	   data	    bss	    dec	    hex	filename
  31924	    120	   1952	  33996	   84cc	PDBMCU.elf
Finished building: default.size.stdout
 
Finished building: PDBMCU.bin
 
Finished building: PDBMCU.list
 
09:44:11 **** Incremental Build of configuration Debug for project PDBMCU ****
make -j16 all 
arm-none-eabi-gcc "../Core/Src/main.c" -mcpu=cortex-m0plus -std=gnu11 -g3 -DDEBUG -DUSE_HAL_DRIVER -DSTM32G050xx -c -I../Core/Inc -I../Drivers/STM32G0xx_HAL_Driver/Inc -I../Drivers/STM32G0xx_HAL_Driver/Inc/Legacy -I../Drivers/CMSIS/Device/ST/STM32G0xx/Include -I../Drivers/CMSIS/Include -O0 -ffunction-sections -fdata-sections -Wall -fstack-usage -MMD -MP -MF"Core/Src/main.d" -MT"Core/Src/main.o" --specs=nano.specs -mfloat-abi=soft -mthumb -o "Core/Src/main.o"
../Core/Src/main.c: In function 'main':
../Core/Src/main.c:271:23: warning: passing argument 1 of 'get_analog_data' from incompatible pointer type [-Wincompatible-pointer-types]
  271 |       get_analog_data(analog_channels);
      |                       ^~~~~~~~~~~~~~~
      |                       |
      |                       Analog ** {aka struct <anonymous> **}
../Core/Src/main.c:147:36: note: expected 'const Analog **' {aka 'const struct <anonymous> **'} but argument is of type 'Analog **' {aka 'struct <anonymous> **'}
  147 | void get_analog_data(const Analog* _analog_channels[ANALOG_DEVICES]) {
      |                      ~~~~~~~~~~~~~~^~~~~~~~~~~~~~~~~~~~~~~~~~~~~~~~
arm-none-eabi-gcc -o "PDBMCU.elf" @"objects.list"   -mcpu=cortex-m0plus -T"C:\Users\gutst\Documents\pdbmcu\PDBMCU\STM32G050C8TX_FLASH.ld" --specs=nosys.specs -Wl,-Map="PDBMCU.map" -Wl,--gc-sections -static --specs=nano.specs -mfloat-abi=soft -mthumb -Wl,--start-group -lc -lm -Wl,--end-group
Finished building target: PDBMCU.elf
 
arm-none-eabi-size   PDBMCU.elf 
arm-none-eabi-objdump -h -S  PDBMCU.elf  > "PDBMCU.list"
arm-none-eabi-objcopy  -O binary  PDBMCU.elf  "PDBMCU.bin"
   text	   data	    bss	    dec	    hex	filename
  31924	    120	   1952	  33996	   84cc	PDBMCU.elf
Finished building: default.size.stdout
 
Finished building: PDBMCU.bin
 
Finished building: PDBMCU.list
 
