23:38:12 **** Incremental Build of configuration Debug for project motor_nucleo ****
make -j7 all 
arm-none-eabi-gcc "../Drivers/STM32F3xx_HAL_Driver/Src/stm32f3xx_hal.c" -mcpu=cortex-m4 -std=gnu11 -g3 -DUSE_HAL_DRIVER -DSTM32F303xE -DDEBUG -c -I../Core/Inc -I"/Users/carmengiger/workspace/embedded-testbench/motor_nucleo/Drivers/STM32F3xx_HAL_Driver/Inc" -I"/Users/carmengiger/workspace/embedded-testbench/motor_nucleo/Drivers/STM32F3xx_HAL_Driver/Inc/Legacy" -I"/Users/carmengiger/workspace/embedded-testbench/motor_nucleo/Drivers/CMSIS/Device/ST/STM32F3xx/Include" -I"/Users/carmengiger/workspace/embedded-testbench/motor_nucleo/Drivers/CMSIS/Include" -I../Drivers/STM32F3xx_HAL_Driver/Inc -I../Drivers/CMSIS/Include -I../Drivers/STM32F3xx_HAL_Driver/Inc/Legacy -I../Drivers/CMSIS/Device/ST/STM32F3xx/Include -O0 -ffunction-sections -fdata-sections -Wall -fstack-usage -MMD -MP -MF"Drivers/STM32F3xx_HAL_Driver/Src/stm32f3xx_hal.d" -MT"Drivers/STM32F3xx_HAL_Driver/Src/stm32f3xx_hal.o" --specs=nano.specs -mfpu=fpv4-sp-d16 -mfloat-abi=hard -mthumb -o "Drivers/STM32F3xx_HAL_Driver/Src/stm32f3xx_hal.o"
arm-none-eabi-gcc "../Drivers/STM32F3xx_HAL_Driver/Src/stm32f3xx_hal_cortex.c" -mcpu=cortex-m4 -std=gnu11 -g3 -DUSE_HAL_DRIVER -DSTM32F303xE -DDEBUG -c -I../Core/Inc -I"/Users/carmengiger/workspace/embedded-testbench/motor_nucleo/Drivers/STM32F3xx_HAL_Driver/Inc" -I"/Users/carmengiger/workspace/embedded-testbench/motor_nucleo/Drivers/STM32F3xx_HAL_Driver/Inc/Legacy" -I"/Users/carmengiger/workspace/embedded-testbench/motor_nucleo/Drivers/CMSIS/Device/ST/STM32F3xx/Include" -I"/Users/carmengiger/workspace/embedded-testbench/motor_nucleo/Drivers/CMSIS/Include" -I../Drivers/STM32F3xx_HAL_Driver/Inc -I../Drivers/CMSIS/Include -I../Drivers/STM32F3xx_HAL_Driver/Inc/Legacy -I../Drivers/CMSIS/Device/ST/STM32F3xx/Include -O0 -ffunction-sections -fdata-sections -Wall -fstack-usage -MMD -MP -MF"Drivers/STM32F3xx_HAL_Driver/Src/stm32f3xx_hal_cortex.d" -MT"Drivers/STM32F3xx_HAL_Driver/Src/stm32f3xx_hal_cortex.o" --specs=nano.specs -mfpu=fpv4-sp-d16 -mfloat-abi=hard -mthumb -o "Drivers/STM32F3xx_HAL_Driver/Src/stm32f3xx_hal_cortex.o"
arm-none-eabi-gcc "../Drivers/STM32F3xx_HAL_Driver/Src/stm32f3xx_hal_dma.c" -mcpu=cortex-m4 -std=gnu11 -g3 -DUSE_HAL_DRIVER -DSTM32F303xE -DDEBUG -c -I../Core/Inc -I"/Users/carmengiger/workspace/embedded-testbench/motor_nucleo/Drivers/STM32F3xx_HAL_Driver/Inc" -I"/Users/carmengiger/workspace/embedded-testbench/motor_nucleo/Drivers/STM32F3xx_HAL_Driver/Inc/Legacy" -I"/Users/carmengiger/workspace/embedded-testbench/motor_nucleo/Drivers/CMSIS/Device/ST/STM32F3xx/Include" -I"/Users/carmengiger/workspace/embedded-testbench/motor_nucleo/Drivers/CMSIS/Include" -I../Drivers/STM32F3xx_HAL_Driver/Inc -I../Drivers/CMSIS/Include -I../Drivers/STM32F3xx_HAL_Driver/Inc/Legacy -I../Drivers/CMSIS/Device/ST/STM32F3xx/Include -O0 -ffunction-sections -fdata-sections -Wall -fstack-usage -MMD -MP -MF"Drivers/STM32F3xx_HAL_Driver/Src/stm32f3xx_hal_dma.d" -MT"Drivers/STM32F3xx_HAL_Driver/Src/stm32f3xx_hal_dma.o" --specs=nano.specs -mfpu=fpv4-sp-d16 -mfloat-abi=hard -mthumb -o "Drivers/STM32F3xx_HAL_Driver/Src/stm32f3xx_hal_dma.o"
arm-none-eabi-gcc "../Drivers/STM32F3xx_HAL_Driver/Src/stm32f3xx_hal_exti.c" -mcpu=cortex-m4 -std=gnu11 -g3 -DUSE_HAL_DRIVER -DSTM32F303xE -DDEBUG -c -I../Core/Inc -I"/Users/carmengiger/workspace/embedded-testbench/motor_nucleo/Drivers/STM32F3xx_HAL_Driver/Inc" -I"/Users/carmengiger/workspace/embedded-testbench/motor_nucleo/Drivers/STM32F3xx_HAL_Driver/Inc/Legacy" -I"/Users/carmengiger/workspace/embedded-testbench/motor_nucleo/Drivers/CMSIS/Device/ST/STM32F3xx/Include" -I"/Users/carmengiger/workspace/embedded-testbench/motor_nucleo/Drivers/CMSIS/Include" -I../Drivers/STM32F3xx_HAL_Driver/Inc -I../Drivers/CMSIS/Include -I../Drivers/STM32F3xx_HAL_Driver/Inc/Legacy -I../Drivers/CMSIS/Device/ST/STM32F3xx/Include -O0 -ffunction-sections -fdata-sections -Wall -fstack-usage -MMD -MP -MF"Drivers/STM32F3xx_HAL_Driver/Src/stm32f3xx_hal_exti.d" -MT"Drivers/STM32F3xx_HAL_Driver/Src/stm32f3xx_hal_exti.o" --specs=nano.specs -mfpu=fpv4-sp-d16 -mfloat-abi=hard -mthumb -o "Drivers/STM32F3xx_HAL_Driver/Src/stm32f3xx_hal_exti.o"
arm-none-eabi-gcc "../Drivers/STM32F3xx_HAL_Driver/Src/stm32f3xx_hal_flash.c" -mcpu=cortex-m4 -std=gnu11 -g3 -DUSE_HAL_DRIVER -DSTM32F303xE -DDEBUG -c -I../Core/Inc -I"/Users/carmengiger/workspace/embedded-testbench/motor_nucleo/Drivers/STM32F3xx_HAL_Driver/Inc" -I"/Users/carmengiger/workspace/embedded-testbench/motor_nucleo/Drivers/STM32F3xx_HAL_Driver/Inc/Legacy" -I"/Users/carmengiger/workspace/embedded-testbench/motor_nucleo/Drivers/CMSIS/Device/ST/STM32F3xx/Include" -I"/Users/carmengiger/workspace/embedded-testbench/motor_nucleo/Drivers/CMSIS/Include" -I../Drivers/STM32F3xx_HAL_Driver/Inc -I../Drivers/CMSIS/Include -I../Drivers/STM32F3xx_HAL_Driver/Inc/Legacy -I../Drivers/CMSIS/Device/ST/STM32F3xx/Include -O0 -ffunction-sections -fdata-sections -Wall -fstack-usage -MMD -MP -MF"Drivers/STM32F3xx_HAL_Driver/Src/stm32f3xx_hal_flash.d" -MT"Drivers/STM32F3xx_HAL_Driver/Src/stm32f3xx_hal_flash.o" --specs=nano.specs -mfpu=fpv4-sp-d16 -mfloat-abi=hard -mthumb -o "Drivers/STM32F3xx_HAL_Driver/Src/stm32f3xx_hal_flash.o"
arm-none-eabi-gcc "../Drivers/STM32F3xx_HAL_Driver/Src/stm32f3xx_hal_flash_ex.c" -mcpu=cortex-m4 -std=gnu11 -g3 -DUSE_HAL_DRIVER -DSTM32F303xE -DDEBUG -c -I../Core/Inc -I"/Users/carmengiger/workspace/embedded-testbench/motor_nucleo/Drivers/STM32F3xx_HAL_Driver/Inc" -I"/Users/carmengiger/workspace/embedded-testbench/motor_nucleo/Drivers/STM32F3xx_HAL_Driver/Inc/Legacy" -I"/Users/carmengiger/workspace/embedded-testbench/motor_nucleo/Drivers/CMSIS/Device/ST/STM32F3xx/Include" -I"/Users/carmengiger/workspace/embedded-testbench/motor_nucleo/Drivers/CMSIS/Include" -I../Drivers/STM32F3xx_HAL_Driver/Inc -I../Drivers/CMSIS/Include -I../Drivers/STM32F3xx_HAL_Driver/Inc/Legacy -I../Drivers/CMSIS/Device/ST/STM32F3xx/Include -O0 -ffunction-sections -fdata-sections -Wall -fstack-usage -MMD -MP -MF"Drivers/STM32F3xx_HAL_Driver/Src/stm32f3xx_hal_flash_ex.d" -MT"Drivers/STM32F3xx_HAL_Driver/Src/stm32f3xx_hal_flash_ex.o" --specs=nano.specs -mfpu=fpv4-sp-d16 -mfloat-abi=hard -mthumb -o "Drivers/STM32F3xx_HAL_Driver/Src/stm32f3xx_hal_flash_ex.o"
arm-none-eabi-gcc "../Drivers/STM32F3xx_HAL_Driver/Src/stm32f3xx_hal_gpio.c" -mcpu=cortex-m4 -std=gnu11 -g3 -DUSE_HAL_DRIVER -DSTM32F303xE -DDEBUG -c -I../Core/Inc -I"/Users/carmengiger/workspace/embedded-testbench/motor_nucleo/Drivers/STM32F3xx_HAL_Driver/Inc" -I"/Users/carmengiger/workspace/embedded-testbench/motor_nucleo/Drivers/STM32F3xx_HAL_Driver/Inc/Legacy" -I"/Users/carmengiger/workspace/embedded-testbench/motor_nucleo/Drivers/CMSIS/Device/ST/STM32F3xx/Include" -I"/Users/carmengiger/workspace/embedded-testbench/motor_nucleo/Drivers/CMSIS/Include" -I../Drivers/STM32F3xx_HAL_Driver/Inc -I../Drivers/CMSIS/Include -I../Drivers/STM32F3xx_HAL_Driver/Inc/Legacy -I../Drivers/CMSIS/Device/ST/STM32F3xx/Include -O0 -ffunction-sections -fdata-sections -Wall -fstack-usage -MMD -MP -MF"Drivers/STM32F3xx_HAL_Driver/Src/stm32f3xx_hal_gpio.d" -MT"Drivers/STM32F3xx_HAL_Driver/Src/stm32f3xx_hal_gpio.o" --specs=nano.specs -mfpu=fpv4-sp-d16 -mfloat-abi=hard -mthumb -o "Drivers/STM32F3xx_HAL_Driver/Src/stm32f3xx_hal_gpio.o"
arm-none-eabi-gcc "../Drivers/STM32F3xx_HAL_Driver/Src/stm32f3xx_hal_i2c.c" -mcpu=cortex-m4 -std=gnu11 -g3 -DUSE_HAL_DRIVER -DSTM32F303xE -DDEBUG -c -I../Core/Inc -I"/Users/carmengiger/workspace/embedded-testbench/motor_nucleo/Drivers/STM32F3xx_HAL_Driver/Inc" -I"/Users/carmengiger/workspace/embedded-testbench/motor_nucleo/Drivers/STM32F3xx_HAL_Driver/Inc/Legacy" -I"/Users/carmengiger/workspace/embedded-testbench/motor_nucleo/Drivers/CMSIS/Device/ST/STM32F3xx/Include" -I"/Users/carmengiger/workspace/embedded-testbench/motor_nucleo/Drivers/CMSIS/Include" -I../Drivers/STM32F3xx_HAL_Driver/Inc -I../Drivers/CMSIS/Include -I../Drivers/STM32F3xx_HAL_Driver/Inc/Legacy -I../Drivers/CMSIS/Device/ST/STM32F3xx/Include -O0 -ffunction-sections -fdata-sections -Wall -fstack-usage -MMD -MP -MF"Drivers/STM32F3xx_HAL_Driver/Src/stm32f3xx_hal_i2c.d" -MT"Drivers/STM32F3xx_HAL_Driver/Src/stm32f3xx_hal_i2c.o" --specs=nano.specs -mfpu=fpv4-sp-d16 -mfloat-abi=hard -mthumb -o "Drivers/STM32F3xx_HAL_Driver/Src/stm32f3xx_hal_i2c.o"
arm-none-eabi-gcc "../Drivers/STM32F3xx_HAL_Driver/Src/stm32f3xx_hal_i2c_ex.c" -mcpu=cortex-m4 -std=gnu11 -g3 -DUSE_HAL_DRIVER -DSTM32F303xE -DDEBUG -c -I../Core/Inc -I"/Users/carmengiger/workspace/embedded-testbench/motor_nucleo/Drivers/STM32F3xx_HAL_Driver/Inc" -I"/Users/carmengiger/workspace/embedded-testbench/motor_nucleo/Drivers/STM32F3xx_HAL_Driver/Inc/Legacy" -I"/Users/carmengiger/workspace/embedded-testbench/motor_nucleo/Drivers/CMSIS/Device/ST/STM32F3xx/Include" -I"/Users/carmengiger/workspace/embedded-testbench/motor_nucleo/Drivers/CMSIS/Include" -I../Drivers/STM32F3xx_HAL_Driver/Inc -I../Drivers/CMSIS/Include -I../Drivers/STM32F3xx_HAL_Driver/Inc/Legacy -I../Drivers/CMSIS/Device/ST/STM32F3xx/Include -O0 -ffunction-sections -fdata-sections -Wall -fstack-usage -MMD -MP -MF"Drivers/STM32F3xx_HAL_Driver/Src/stm32f3xx_hal_i2c_ex.d" -MT"Drivers/STM32F3xx_HAL_Driver/Src/stm32f3xx_hal_i2c_ex.o" --specs=nano.specs -mfpu=fpv4-sp-d16 -mfloat-abi=hard -mthumb -o "Drivers/STM32F3xx_HAL_Driver/Src/stm32f3xx_hal_i2c_ex.o"
arm-none-eabi-gcc "../Drivers/STM32F3xx_HAL_Driver/Src/stm32f3xx_hal_pwr.c" -mcpu=cortex-m4 -std=gnu11 -g3 -DUSE_HAL_DRIVER -DSTM32F303xE -DDEBUG -c -I../Core/Inc -I"/Users/carmengiger/workspace/embedded-testbench/motor_nucleo/Drivers/STM32F3xx_HAL_Driver/Inc" -I"/Users/carmengiger/workspace/embedded-testbench/motor_nucleo/Drivers/STM32F3xx_HAL_Driver/Inc/Legacy" -I"/Users/carmengiger/workspace/embedded-testbench/motor_nucleo/Drivers/CMSIS/Device/ST/STM32F3xx/Include" -I"/Users/carmengiger/workspace/embedded-testbench/motor_nucleo/Drivers/CMSIS/Include" -I../Drivers/STM32F3xx_HAL_Driver/Inc -I../Drivers/CMSIS/Include -I../Drivers/STM32F3xx_HAL_Driver/Inc/Legacy -I../Drivers/CMSIS/Device/ST/STM32F3xx/Include -O0 -ffunction-sections -fdata-sections -Wall -fstack-usage -MMD -MP -MF"Drivers/STM32F3xx_HAL_Driver/Src/stm32f3xx_hal_pwr.d" -MT"Drivers/STM32F3xx_HAL_Driver/Src/stm32f3xx_hal_pwr.o" --specs=nano.specs -mfpu=fpv4-sp-d16 -mfloat-abi=hard -mthumb -o "Drivers/STM32F3xx_HAL_Driver/Src/stm32f3xx_hal_pwr.o"
arm-none-eabi-gcc "../Drivers/STM32F3xx_HAL_Driver/Src/stm32f3xx_hal_pwr_ex.c" -mcpu=cortex-m4 -std=gnu11 -g3 -DUSE_HAL_DRIVER -DSTM32F303xE -DDEBUG -c -I../Core/Inc -I"/Users/carmengiger/workspace/embedded-testbench/motor_nucleo/Drivers/STM32F3xx_HAL_Driver/Inc" -I"/Users/carmengiger/workspace/embedded-testbench/motor_nucleo/Drivers/STM32F3xx_HAL_Driver/Inc/Legacy" -I"/Users/carmengiger/workspace/embedded-testbench/motor_nucleo/Drivers/CMSIS/Device/ST/STM32F3xx/Include" -I"/Users/carmengiger/workspace/embedded-testbench/motor_nucleo/Drivers/CMSIS/Include" -I../Drivers/STM32F3xx_HAL_Driver/Inc -I../Drivers/CMSIS/Include -I../Drivers/STM32F3xx_HAL_Driver/Inc/Legacy -I../Drivers/CMSIS/Device/ST/STM32F3xx/Include -O0 -ffunction-sections -fdata-sections -Wall -fstack-usage -MMD -MP -MF"Drivers/STM32F3xx_HAL_Driver/Src/stm32f3xx_hal_pwr_ex.d" -MT"Drivers/STM32F3xx_HAL_Driver/Src/stm32f3xx_hal_pwr_ex.o" --specs=nano.specs -mfpu=fpv4-sp-d16 -mfloat-abi=hard -mthumb -o "Drivers/STM32F3xx_HAL_Driver/Src/stm32f3xx_hal_pwr_ex.o"
arm-none-eabi-gcc "../Drivers/STM32F3xx_HAL_Driver/Src/stm32f3xx_hal_rcc.c" -mcpu=cortex-m4 -std=gnu11 -g3 -DUSE_HAL_DRIVER -DSTM32F303xE -DDEBUG -c -I../Core/Inc -I"/Users/carmengiger/workspace/embedded-testbench/motor_nucleo/Drivers/STM32F3xx_HAL_Driver/Inc" -I"/Users/carmengiger/workspace/embedded-testbench/motor_nucleo/Drivers/STM32F3xx_HAL_Driver/Inc/Legacy" -I"/Users/carmengiger/workspace/embedded-testbench/motor_nucleo/Drivers/CMSIS/Device/ST/STM32F3xx/Include" -I"/Users/carmengiger/workspace/embedded-testbench/motor_nucleo/Drivers/CMSIS/Include" -I../Drivers/STM32F3xx_HAL_Driver/Inc -I../Drivers/CMSIS/Include -I../Drivers/STM32F3xx_HAL_Driver/Inc/Legacy -I../Drivers/CMSIS/Device/ST/STM32F3xx/Include -O0 -ffunction-sections -fdata-sections -Wall -fstack-usage -MMD -MP -MF"Drivers/STM32F3xx_HAL_Driver/Src/stm32f3xx_hal_rcc.d" -MT"Drivers/STM32F3xx_HAL_Driver/Src/stm32f3xx_hal_rcc.o" --specs=nano.specs -mfpu=fpv4-sp-d16 -mfloat-abi=hard -mthumb -o "Drivers/STM32F3xx_HAL_Driver/Src/stm32f3xx_hal_rcc.o"
arm-none-eabi-gcc "../Drivers/STM32F3xx_HAL_Driver/Src/stm32f3xx_hal_rcc_ex.c" -mcpu=cortex-m4 -std=gnu11 -g3 -DUSE_HAL_DRIVER -DSTM32F303xE -DDEBUG -c -I../Core/Inc -I"/Users/carmengiger/workspace/embedded-testbench/motor_nucleo/Drivers/STM32F3xx_HAL_Driver/Inc" -I"/Users/carmengiger/workspace/embedded-testbench/motor_nucleo/Drivers/STM32F3xx_HAL_Driver/Inc/Legacy" -I"/Users/carmengiger/workspace/embedded-testbench/motor_nucleo/Drivers/CMSIS/Device/ST/STM32F3xx/Include" -I"/Users/carmengiger/workspace/embedded-testbench/motor_nucleo/Drivers/CMSIS/Include" -I../Drivers/STM32F3xx_HAL_Driver/Inc -I../Drivers/CMSIS/Include -I../Drivers/STM32F3xx_HAL_Driver/Inc/Legacy -I../Drivers/CMSIS/Device/ST/STM32F3xx/Include -O0 -ffunction-sections -fdata-sections -Wall -fstack-usage -MMD -MP -MF"Drivers/STM32F3xx_HAL_Driver/Src/stm32f3xx_hal_rcc_ex.d" -MT"Drivers/STM32F3xx_HAL_Driver/Src/stm32f3xx_hal_rcc_ex.o" --specs=nano.specs -mfpu=fpv4-sp-d16 -mfloat-abi=hard -mthumb -o "Drivers/STM32F3xx_HAL_Driver/Src/stm32f3xx_hal_rcc_ex.o"
arm-none-eabi-gcc "../Drivers/STM32F3xx_HAL_Driver/Src/stm32f3xx_hal_tim.c" -mcpu=cortex-m4 -std=gnu11 -g3 -DUSE_HAL_DRIVER -DSTM32F303xE -DDEBUG -c -I../Core/Inc -I"/Users/carmengiger/workspace/embedded-testbench/motor_nucleo/Drivers/STM32F3xx_HAL_Driver/Inc" -I"/Users/carmengiger/workspace/embedded-testbench/motor_nucleo/Drivers/STM32F3xx_HAL_Driver/Inc/Legacy" -I"/Users/carmengiger/workspace/embedded-testbench/motor_nucleo/Drivers/CMSIS/Device/ST/STM32F3xx/Include" -I"/Users/carmengiger/workspace/embedded-testbench/motor_nucleo/Drivers/CMSIS/Include" -I../Drivers/STM32F3xx_HAL_Driver/Inc -I../Drivers/CMSIS/Include -I../Drivers/STM32F3xx_HAL_Driver/Inc/Legacy -I../Drivers/CMSIS/Device/ST/STM32F3xx/Include -O0 -ffunction-sections -fdata-sections -Wall -fstack-usage -MMD -MP -MF"Drivers/STM32F3xx_HAL_Driver/Src/stm32f3xx_hal_tim.d" -MT"Drivers/STM32F3xx_HAL_Driver/Src/stm32f3xx_hal_tim.o" --specs=nano.specs -mfpu=fpv4-sp-d16 -mfloat-abi=hard -mthumb -o "Drivers/STM32F3xx_HAL_Driver/Src/stm32f3xx_hal_tim.o"
arm-none-eabi-gcc "../Drivers/STM32F3xx_HAL_Driver/Src/stm32f3xx_hal_tim_ex.c" -mcpu=cortex-m4 -std=gnu11 -g3 -DUSE_HAL_DRIVER -DSTM32F303xE -DDEBUG -c -I../Core/Inc -I"/Users/carmengiger/workspace/embedded-testbench/motor_nucleo/Drivers/STM32F3xx_HAL_Driver/Inc" -I"/Users/carmengiger/workspace/embedded-testbench/motor_nucleo/Drivers/STM32F3xx_HAL_Driver/Inc/Legacy" -I"/Users/carmengiger/workspace/embedded-testbench/motor_nucleo/Drivers/CMSIS/Device/ST/STM32F3xx/Include" -I"/Users/carmengiger/workspace/embedded-testbench/motor_nucleo/Drivers/CMSIS/Include" -I../Drivers/STM32F3xx_HAL_Driver/Inc -I../Drivers/CMSIS/Include -I../Drivers/STM32F3xx_HAL_Driver/Inc/Legacy -I../Drivers/CMSIS/Device/ST/STM32F3xx/Include -O0 -ffunction-sections -fdata-sections -Wall -fstack-usage -MMD -MP -MF"Drivers/STM32F3xx_HAL_Driver/Src/stm32f3xx_hal_tim_ex.d" -MT"Drivers/STM32F3xx_HAL_Driver/Src/stm32f3xx_hal_tim_ex.o" --specs=nano.specs -mfpu=fpv4-sp-d16 -mfloat-abi=hard -mthumb -o "Drivers/STM32F3xx_HAL_Driver/Src/stm32f3xx_hal_tim_ex.o"
arm-none-eabi-gcc "../Core/Src/abs_enc_reading.c" -mcpu=cortex-m4 -std=gnu11 -g3 -DUSE_HAL_DRIVER -DSTM32F303xE -DDEBUG -c -I../Core/Inc -I"/Users/carmengiger/workspace/embedded-testbench/motor_nucleo/Drivers/STM32F3xx_HAL_Driver/Inc" -I"/Users/carmengiger/workspace/embedded-testbench/motor_nucleo/Drivers/STM32F3xx_HAL_Driver/Inc/Legacy" -I"/Users/carmengiger/workspace/embedded-testbench/motor_nucleo/Drivers/CMSIS/Device/ST/STM32F3xx/Include" -I"/Users/carmengiger/workspace/embedded-testbench/motor_nucleo/Drivers/CMSIS/Include" -I../Drivers/STM32F3xx_HAL_Driver/Inc -I../Drivers/CMSIS/Include -I../Drivers/STM32F3xx_HAL_Driver/Inc/Legacy -I../Drivers/CMSIS/Device/ST/STM32F3xx/Include -O0 -ffunction-sections -fdata-sections -Wall -fstack-usage -MMD -MP -MF"Core/Src/abs_enc_reading.d" -MT"Core/Src/abs_enc_reading.o" --specs=nano.specs -mfpu=fpv4-sp-d16 -mfloat-abi=hard -mthumb -o "Core/Src/abs_enc_reading.o"
arm-none-eabi-gcc "../Core/Src/command_handling.c" -mcpu=cortex-m4 -std=gnu11 -g3 -DUSE_HAL_DRIVER -DSTM32F303xE -DDEBUG -c -I../Core/Inc -I"/Users/carmengiger/workspace/embedded-testbench/motor_nucleo/Drivers/STM32F3xx_HAL_Driver/Inc" -I"/Users/carmengiger/workspace/embedded-testbench/motor_nucleo/Drivers/STM32F3xx_HAL_Driver/Inc/Legacy" -I"/Users/carmengiger/workspace/embedded-testbench/motor_nucleo/Drivers/CMSIS/Device/ST/STM32F3xx/Include" -I"/Users/carmengiger/workspace/embedded-testbench/motor_nucleo/Drivers/CMSIS/Include" -I../Drivers/STM32F3xx_HAL_Driver/Inc -I../Drivers/CMSIS/Include -I../Drivers/STM32F3xx_HAL_Driver/Inc/Legacy -I../Drivers/CMSIS/Device/ST/STM32F3xx/Include -O0 -ffunction-sections -fdata-sections -Wall -fstack-usage -MMD -MP -MF"Core/Src/command_handling.d" -MT"Core/Src/command_handling.o" --specs=nano.specs -mfpu=fpv4-sp-d16 -mfloat-abi=hard -mthumb -o "Core/Src/command_handling.o"
arm-none-eabi-gcc "../Core/Src/main.c" -mcpu=cortex-m4 -std=gnu11 -g3 -DUSE_HAL_DRIVER -DSTM32F303xE -DDEBUG -c -I../Core/Inc -I"/Users/carmengiger/workspace/embedded-testbench/motor_nucleo/Drivers/STM32F3xx_HAL_Driver/Inc" -I"/Users/carmengiger/workspace/embedded-testbench/motor_nucleo/Drivers/STM32F3xx_HAL_Driver/Inc/Legacy" -I"/Users/carmengiger/workspace/embedded-testbench/motor_nucleo/Drivers/CMSIS/Device/ST/STM32F3xx/Include" -I"/Users/carmengiger/workspace/embedded-testbench/motor_nucleo/Drivers/CMSIS/Include" -I../Drivers/STM32F3xx_HAL_Driver/Inc -I../Drivers/CMSIS/Include -I../Drivers/STM32F3xx_HAL_Driver/Inc/Legacy -I../Drivers/CMSIS/Device/ST/STM32F3xx/Include -O0 -ffunction-sections -fdata-sections -Wall -fstack-usage -MMD -MP -MF"Core/Src/main.d" -MT"Core/Src/main.o" --specs=nano.specs -mfpu=fpv4-sp-d16 -mfloat-abi=hard -mthumb -o "Core/Src/main.o"
arm-none-eabi-gcc "../Core/Src/stm32f3xx_hal_msp.c" -mcpu=cortex-m4 -std=gnu11 -g3 -DUSE_HAL_DRIVER -DSTM32F303xE -DDEBUG -c -I../Core/Inc -I"/Users/carmengiger/workspace/embedded-testbench/motor_nucleo/Drivers/STM32F3xx_HAL_Driver/Inc" -I"/Users/carmengiger/workspace/embedded-testbench/motor_nucleo/Drivers/STM32F3xx_HAL_Driver/Inc/Legacy" -I"/Users/carmengiger/workspace/embedded-testbench/motor_nucleo/Drivers/CMSIS/Device/ST/STM32F3xx/Include" -I"/Users/carmengiger/workspace/embedded-testbench/motor_nucleo/Drivers/CMSIS/Include" -I../Drivers/STM32F3xx_HAL_Driver/Inc -I../Drivers/CMSIS/Include -I../Drivers/STM32F3xx_HAL_Driver/Inc/Legacy -I../Drivers/CMSIS/Device/ST/STM32F3xx/Include -O0 -ffunction-sections -fdata-sections -Wall -fstack-usage -MMD -MP -MF"Core/Src/stm32f3xx_hal_msp.d" -MT"Core/Src/stm32f3xx_hal_msp.o" --specs=nano.specs -mfpu=fpv4-sp-d16 -mfloat-abi=hard -mthumb -o "Core/Src/stm32f3xx_hal_msp.o"
In file included from ../Core/Inc/command_handling.h:13,
                 from ../Core/Src/command_handling.c:8:
../Core/Inc/main.h:91:7: warning: conflicting types for built-in function 'fabs'; expected 'double(double)' [-Wbuiltin-declaration-mismatch]
   91 | float fabs(float);
      |       ^~~~
../Core/Inc/main.h:36:1: note: 'fabs' is declared in header '<math.h>'
   35 | #include "command_handling.h"
  +++ |+#include <math.h>
   36 | //#include "abs_enc_reading.h"
In file included from ../Core/Src/main.c:21:
../Core/Inc/main.h:91:7: warning: conflicting types for built-in function 'fabs'; expected 'double(double)' [-Wbuiltin-declaration-mismatch]
   91 | float fabs(float);
      |       ^~~~
../Core/Inc/main.h:36:1: note: 'fabs' is declared in header '<math.h>'
   35 | #include "command_handling.h"
  +++ |+#include <math.h>
   36 | //#include "abs_enc_reading.h"
In file included from ../Core/Src/stm32f3xx_hal_msp.c:23:
../Core/Inc/main.h:91:7: warning: conflicting types for built-in function 'fabs'; expected 'double(double)' [-Wbuiltin-declaration-mismatch]
   91 | float fabs(float);
      |       ^~~~
../Core/Inc/main.h:36:1: note: 'fabs' is declared in header '<math.h>'
   35 | #include "command_handling.h"
  +++ |+#include <math.h>
   36 | //#include "abs_enc_reading.h"
arm-none-eabi-gcc "../Core/Src/stm32f3xx_it.c" -mcpu=cortex-m4 -std=gnu11 -g3 -DUSE_HAL_DRIVER -DSTM32F303xE -DDEBUG -c -I../Core/Inc -I"/Users/carmengiger/workspace/embedded-testbench/motor_nucleo/Drivers/STM32F3xx_HAL_Driver/Inc" -I"/Users/carmengiger/workspace/embedded-testbench/motor_nucleo/Drivers/STM32F3xx_HAL_Driver/Inc/Legacy" -I"/Users/carmengiger/workspace/embedded-testbench/motor_nucleo/Drivers/CMSIS/Device/ST/STM32F3xx/Include" -I"/Users/carmengiger/workspace/embedded-testbench/motor_nucleo/Drivers/CMSIS/Include" -I../Drivers/STM32F3xx_HAL_Driver/Inc -I../Drivers/CMSIS/Include -I../Drivers/STM32F3xx_HAL_Driver/Inc/Legacy -I../Drivers/CMSIS/Device/ST/STM32F3xx/Include -O0 -ffunction-sections -fdata-sections -Wall -fstack-usage -MMD -MP -MF"Core/Src/stm32f3xx_it.d" -MT"Core/Src/stm32f3xx_it.o" --specs=nano.specs -mfpu=fpv4-sp-d16 -mfloat-abi=hard -mthumb -o "Core/Src/stm32f3xx_it.o"
arm-none-eabi-gcc "../Core/Src/syscalls.c" -mcpu=cortex-m4 -std=gnu11 -g3 -DUSE_HAL_DRIVER -DSTM32F303xE -DDEBUG -c -I../Core/Inc -I"/Users/carmengiger/workspace/embedded-testbench/motor_nucleo/Drivers/STM32F3xx_HAL_Driver/Inc" -I"/Users/carmengiger/workspace/embedded-testbench/motor_nucleo/Drivers/STM32F3xx_HAL_Driver/Inc/Legacy" -I"/Users/carmengiger/workspace/embedded-testbench/motor_nucleo/Drivers/CMSIS/Device/ST/STM32F3xx/Include" -I"/Users/carmengiger/workspace/embedded-testbench/motor_nucleo/Drivers/CMSIS/Include" -I../Drivers/STM32F3xx_HAL_Driver/Inc -I../Drivers/CMSIS/Include -I../Drivers/STM32F3xx_HAL_Driver/Inc/Legacy -I../Drivers/CMSIS/Device/ST/STM32F3xx/Include -O0 -ffunction-sections -fdata-sections -Wall -fstack-usage -MMD -MP -MF"Core/Src/syscalls.d" -MT"Core/Src/syscalls.o" --specs=nano.specs -mfpu=fpv4-sp-d16 -mfloat-abi=hard -mthumb -o "Core/Src/syscalls.o"
arm-none-eabi-gcc "../Core/Src/sysmem.c" -mcpu=cortex-m4 -std=gnu11 -g3 -DUSE_HAL_DRIVER -DSTM32F303xE -DDEBUG -c -I../Core/Inc -I"/Users/carmengiger/workspace/embedded-testbench/motor_nucleo/Drivers/STM32F3xx_HAL_Driver/Inc" -I"/Users/carmengiger/workspace/embedded-testbench/motor_nucleo/Drivers/STM32F3xx_HAL_Driver/Inc/Legacy" -I"/Users/carmengiger/workspace/embedded-testbench/motor_nucleo/Drivers/CMSIS/Device/ST/STM32F3xx/Include" -I"/Users/carmengiger/workspace/embedded-testbench/motor_nucleo/Drivers/CMSIS/Include" -I../Drivers/STM32F3xx_HAL_Driver/Inc -I../Drivers/CMSIS/Include -I../Drivers/STM32F3xx_HAL_Driver/Inc/Legacy -I../Drivers/CMSIS/Device/ST/STM32F3xx/Include -O0 -ffunction-sections -fdata-sections -Wall -fstack-usage -MMD -MP -MF"Core/Src/sysmem.d" -MT"Core/Src/sysmem.o" --specs=nano.specs -mfpu=fpv4-sp-d16 -mfloat-abi=hard -mthumb -o "Core/Src/sysmem.o"
arm-none-eabi-gcc "../Core/Src/system_stm32f3xx.c" -mcpu=cortex-m4 -std=gnu11 -g3 -DUSE_HAL_DRIVER -DSTM32F303xE -DDEBUG -c -I../Core/Inc -I"/Users/carmengiger/workspace/embedded-testbench/motor_nucleo/Drivers/STM32F3xx_HAL_Driver/Inc" -I"/Users/carmengiger/workspace/embedded-testbench/motor_nucleo/Drivers/STM32F3xx_HAL_Driver/Inc/Legacy" -I"/Users/carmengiger/workspace/embedded-testbench/motor_nucleo/Drivers/CMSIS/Device/ST/STM32F3xx/Include" -I"/Users/carmengiger/workspace/embedded-testbench/motor_nucleo/Drivers/CMSIS/Include" -I../Drivers/STM32F3xx_HAL_Driver/Inc -I../Drivers/CMSIS/Include -I../Drivers/STM32F3xx_HAL_Driver/Inc/Legacy -I../Drivers/CMSIS/Device/ST/STM32F3xx/Include -O0 -ffunction-sections -fdata-sections -Wall -fstack-usage -MMD -MP -MF"Core/Src/system_stm32f3xx.d" -MT"Core/Src/system_stm32f3xx.o" --specs=nano.specs -mfpu=fpv4-sp-d16 -mfloat-abi=hard -mthumb -o "Core/Src/system_stm32f3xx.o"
In file included from ../Core/Src/stm32f3xx_it.c:22:
../Core/Inc/main.h:91:7: warning: conflicting types for built-in function 'fabs'; expected 'double(double)' [-Wbuiltin-declaration-mismatch]
   91 | float fabs(float);
      |       ^~~~
../Core/Inc/main.h:36:1: note: 'fabs' is declared in header '<math.h>'
   35 | #include "command_handling.h"
  +++ |+#include <math.h>
   36 | //#include "abs_enc_reading.h"
arm-none-eabi-gcc -o "motor_nucleo.elf" @"objects.list"   -mcpu=cortex-m4 -T"/Users/carmengiger/workspace/embedded-testbench/motor_nucleo/STM32F303RETX_FLASH.ld" --specs=nosys.specs -Wl,-Map="motor_nucleo.map" -Wl,--gc-sections -static --specs=nano.specs -mfpu=fpv4-sp-d16 -mfloat-abi=hard -mthumb -Wl,--start-group -lc -lm -Wl,--end-group
Finished building target: motor_nucleo.elf
 
arm-none-eabi-size   motor_nucleo.elf 
arm-none-eabi-objdump -h -S  motor_nucleo.elf  > "motor_nucleo.list"
   text	   data	    bss	    dec	    hex	filename
  37352	    156	   2532	  40040	   9c68	motor_nucleo.elf
Finished building: default.size.stdout
 
Finished building: motor_nucleo.list
 

23:38:15 Build Finished. 0 errors, 4 warnings. (took 2s.187ms)

